Archive member included to satisfy reference by file (symbol)

c:/program files (x86)/atmel/studio/7.0/toolchain/arm/arm-gnu-toolchain/bin/../lib/gcc/arm-none-eabi/6.3.1/thumb/v6-m\libgcc.a(_udivsi3.o)
                              gfx_mono/display/display_mono.o (__aeabi_uidiv)
c:/program files (x86)/atmel/studio/7.0/toolchain/arm/arm-gnu-toolchain/bin/../lib/gcc/arm-none-eabi/6.3.1/thumb/v6-m\libgcc.a(_dvmd_tls.o)
                              c:/program files (x86)/atmel/studio/7.0/toolchain/arm/arm-gnu-toolchain/bin/../lib/gcc/arm-none-eabi/6.3.1/thumb/v6-m\libgcc.a(_udivsi3.o) (__aeabi_idiv0)
c:/program files (x86)/atmel/studio/7.0/toolchain/arm/arm-gnu-toolchain/bin/../lib/gcc/arm-none-eabi/6.3.1/thumb/v6-m\libgcc.a(_aeabi_uldivmod.o)
                              hpl/sercom/hpl_sercom.o (__aeabi_uldivmod)
c:/program files (x86)/atmel/studio/7.0/toolchain/arm/arm-gnu-toolchain/bin/../lib/gcc/arm-none-eabi/6.3.1/thumb/v6-m\libgcc.a(_muldi3.o)
                              hpl/sercom/hpl_sercom.o (__aeabi_lmul)
c:/program files (x86)/atmel/studio/7.0/toolchain/arm/arm-gnu-toolchain/bin/../lib/gcc/arm-none-eabi/6.3.1/thumb/v6-m\libgcc.a(_ffssi2.o)
                              hpl/eic/hpl_eic.o (__ffssi2)
c:/program files (x86)/atmel/studio/7.0/toolchain/arm/arm-gnu-toolchain/bin/../lib/gcc/arm-none-eabi/6.3.1/thumb/v6-m\libgcc.a(_fixunsdfsi.o)
                              hpl/sercom/hpl_sercom.o (__aeabi_d2uiz)
c:/program files (x86)/atmel/studio/7.0/toolchain/arm/arm-gnu-toolchain/bin/../lib/gcc/arm-none-eabi/6.3.1/thumb/v6-m\libgcc.a(_udivmoddi4.o)
                              c:/program files (x86)/atmel/studio/7.0/toolchain/arm/arm-gnu-toolchain/bin/../lib/gcc/arm-none-eabi/6.3.1/thumb/v6-m\libgcc.a(_aeabi_uldivmod.o) (__udivmoddi4)
c:/program files (x86)/atmel/studio/7.0/toolchain/arm/arm-gnu-toolchain/bin/../lib/gcc/arm-none-eabi/6.3.1/thumb/v6-m\libgcc.a(addsf3.o)
                              main.o (__aeabi_fadd)
c:/program files (x86)/atmel/studio/7.0/toolchain/arm/arm-gnu-toolchain/bin/../lib/gcc/arm-none-eabi/6.3.1/thumb/v6-m\libgcc.a(divsf3.o)
                              main.o (__aeabi_fdiv)
c:/program files (x86)/atmel/studio/7.0/toolchain/arm/arm-gnu-toolchain/bin/../lib/gcc/arm-none-eabi/6.3.1/thumb/v6-m\libgcc.a(floatsisf.o)
                              main.o (__aeabi_i2f)
c:/program files (x86)/atmel/studio/7.0/toolchain/arm/arm-gnu-toolchain/bin/../lib/gcc/arm-none-eabi/6.3.1/thumb/v6-m\libgcc.a(divdf3.o)
                              hpl/sercom/hpl_sercom.o (__aeabi_ddiv)
c:/program files (x86)/atmel/studio/7.0/toolchain/arm/arm-gnu-toolchain/bin/../lib/gcc/arm-none-eabi/6.3.1/thumb/v6-m\libgcc.a(muldf3.o)
                              hpl/sercom/hpl_sercom.o (__aeabi_dmul)
c:/program files (x86)/atmel/studio/7.0/toolchain/arm/arm-gnu-toolchain/bin/../lib/gcc/arm-none-eabi/6.3.1/thumb/v6-m\libgcc.a(subdf3.o)
                              hpl/sercom/hpl_sercom.o (__aeabi_dsub)
c:/program files (x86)/atmel/studio/7.0/toolchain/arm/arm-gnu-toolchain/bin/../lib/gcc/arm-none-eabi/6.3.1/thumb/v6-m\libgcc.a(fixdfsi.o)
                              c:/program files (x86)/atmel/studio/7.0/toolchain/arm/arm-gnu-toolchain/bin/../lib/gcc/arm-none-eabi/6.3.1/thumb/v6-m\libgcc.a(_fixunsdfsi.o) (__aeabi_d2iz)
c:/program files (x86)/atmel/studio/7.0/toolchain/arm/arm-gnu-toolchain/bin/../lib/gcc/arm-none-eabi/6.3.1/thumb/v6-m\libgcc.a(floatsidf.o)
                              hpl/sercom/hpl_sercom.o (__aeabi_i2d)
c:/program files (x86)/atmel/studio/7.0/toolchain/arm/arm-gnu-toolchain/bin/../lib/gcc/arm-none-eabi/6.3.1/thumb/v6-m\libgcc.a(floatunsidf.o)
                              hpl/sercom/hpl_sercom.o (__aeabi_ui2d)
c:/program files (x86)/atmel/studio/7.0/toolchain/arm/arm-gnu-toolchain/bin/../lib/gcc/arm-none-eabi/6.3.1/thumb/v6-m\libgcc.a(extendsfdf2.o)
                              main.o (__aeabi_f2d)
c:/program files (x86)/atmel/studio/7.0/toolchain/arm/arm-gnu-toolchain/bin/../lib/gcc/arm-none-eabi/6.3.1/thumb/v6-m\libgcc.a(_arm_cmpdf2.o)
                              c:/program files (x86)/atmel/studio/7.0/toolchain/arm/arm-gnu-toolchain/bin/../lib/gcc/arm-none-eabi/6.3.1/thumb/v6-m\libgcc.a(_fixunsdfsi.o) (__aeabi_dcmpge)
c:/program files (x86)/atmel/studio/7.0/toolchain/arm/arm-gnu-toolchain/bin/../lib/gcc/arm-none-eabi/6.3.1/thumb/v6-m\libgcc.a(_clzsi2.o)
                              c:/program files (x86)/atmel/studio/7.0/toolchain/arm/arm-gnu-toolchain/bin/../lib/gcc/arm-none-eabi/6.3.1/thumb/v6-m\libgcc.a(addsf3.o) (__clzsi2)
c:/program files (x86)/atmel/studio/7.0/toolchain/arm/arm-gnu-toolchain/bin/../lib/gcc/arm-none-eabi/6.3.1/thumb/v6-m\libgcc.a(_clzdi2.o)
                              c:/program files (x86)/atmel/studio/7.0/toolchain/arm/arm-gnu-toolchain/bin/../lib/gcc/arm-none-eabi/6.3.1/thumb/v6-m\libgcc.a(_udivmoddi4.o) (__clzdi2)
[...]
Memory Configuration

Name             Origin             Length             Attributes
rom              0x00000000         0x00040000         xr
ram              0x20000000         0x00008000         xrw
*default*        0x00000000         0xffffffff

Linker script and memory map

LOAD c:/program files (x86)/atmel/studio/7.0/toolchain/arm/arm-gnu-toolchain/bin/../lib/gcc/arm-none-eabi/6.3.1/thumb/v6-m/crti.o
LOAD c:/program files (x86)/atmel/studio/7.0/toolchain/arm/arm-gnu-toolchain/bin/../lib/gcc/arm-none-eabi/6.3.1/thumb/v6-m/crtbegin.o
LOAD c:/program files (x86)/atmel/studio/7.0/toolchain/arm/arm-gnu-toolchain/bin/../lib/gcc/arm-none-eabi/6.3.1/../../../../arm-none-eabi/lib/thumb/v6-m/crt0.o
LOAD atmel_start.o
LOAD Device_Startup/startup_samd21.o
LOAD Device_Startup/system_samd21.o
LOAD driver_init.o
LOAD examples/driver_examples.o
LOAD gfx_mono/display/display_mono.o
LOAD gfx_mono/display/framebuffer.o
LOAD gfx_mono/display/ug2832hsweg04/ug2832hsweg04.o
LOAD gfx_mono/display_controller/display_ctrl_mono.o
LOAD gfx_mono/display_controller/ssd1306/ssd1306.o
LOAD gfx_mono/display_controller/ssd1306/ssd1306_font.o
LOAD gfx_mono/fonts/gfx_mono_font_basic_6x7.o
LOAD gfx_mono/gfx_mono.o
LOAD gfx_mono/gfx_mono_text.o
LOAD gfx_mono_main.o
LOAD gps_uart_async.o
LOAD hal/src/hal_atomic.o
LOAD hal/src/hal_delay.o
LOAD hal/src/hal_ext_irq.o
LOAD hal/src/hal_gpio.o
LOAD hal/src/hal_init.o
LOAD hal/src/hal_io.o
LOAD hal/src/hal_sleep.o
LOAD hal/src/hal_spi_m_sync.o
LOAD hal/src/hal_timer.o
LOAD hal/src/hal_usart_async.o
LOAD hal/src/hal_usart_sync.o
LOAD hal/src/hal_usb_device.o
LOAD hal/utils/src/utils_assert.o
LOAD hal/utils/src/utils_event.o
LOAD hal/utils/src/utils_list.o
LOAD hal/utils/src/utils_ringbuffer.o
LOAD hal/utils/src/utils_syscalls.o
LOAD hpl/core/hpl_core_m0plus_base.o
LOAD hpl/core/hpl_init.o
LOAD hpl/dmac/hpl_dmac.o
LOAD hpl/eic/hpl_eic.o
LOAD hpl/gclk/hpl_gclk.o
LOAD hpl/pm/hpl_pm.o
LOAD hpl/sercom/hpl_sercom.o
LOAD hpl/sysctrl/hpl_sysctrl.o
LOAD hpl/systick/hpl_systick.o
LOAD hpl/tc/hpl_tc.o
LOAD hpl/usb/hpl_usb.o
LOAD main.o
LOAD stdio_redirect/gcc/read.o
LOAD stdio_redirect/gcc/write.o
LOAD stdio_redirect/stdio_io.o
LOAD stdio_start.o
LOAD usb/class/cdc/device/cdcdf_acm.o
LOAD usb/device/usbdc.o
LOAD usb/usb_protocol.o
LOAD usb_start.o
START GROUP
LOAD c:/program files (x86)/atmel/studio/7.0/toolchain/arm/arm-gnu-toolchain/bin/../lib/gcc/arm-none-eabi/6.3.1/../../../../arm-none-eabi/lib/thumb/v6-m\libm.a
END GROUP
START GROUP
LOAD c:/program files (x86)/atmel/studio/7.0/toolchain/arm/arm-gnu-toolchain/bin/../lib/gcc/arm-none-eabi/6.3.1/thumb/v6-m\libgcc.a
LOAD c:/program files (x86)/atmel/studio/7.0/toolchain/arm/arm-gnu-toolchain/bin/../lib/gcc/arm-none-eabi/6.3.1/../../../../arm-none-eabi/lib/thumb/v6-m\libc.a
END GROUP
LOAD c:/program files (x86)/atmel/studio/7.0/toolchain/arm/arm-gnu-toolchain/bin/../lib/gcc/arm-none-eabi/6.3.1/thumb/v6-m/crtend.o
LOAD c:/program files (x86)/atmel/studio/7.0/toolchain/arm/arm-gnu-toolchain/bin/../lib/gcc/arm-none-eabi/6.3.1/thumb/v6-m/crtn.o
                0x00002000                STACK_SIZE = DEFINED (STACK_SIZE)?STACK_SIZE:DEFINED (__stack_size__)?__stack_size__:0x2000

.text           0x00000000     0xd11c
                0x00000000                . = ALIGN (0x4)
                0x00000000                _sfixed = .
 *(.vectors .vectors.*)
 .vectors       0x00000000       0xb4 Device_Startup/startup_samd21.o
                0x00000000                exception_table
 *(.text .text.* .gnu.linkonce.t.*)
 .text          0x000000b4       0x60 c:/program files (x86)/atmel/studio/7.0/toolchain/arm/arm-gnu-toolchain/bin/../lib/gcc/arm-none-eabi/6.3.1/thumb/v6-m/crtbegin.o
 .text.atmel_start_init
                0x00000114       0x24 atmel_start.o
                0x00000114                atmel_start_init
 .text.Dummy_Handler
                0x00000138        0x2 Device_Startup/startup_samd21.o
                0x00000138                SVCall_Handler
                0x00000138                DMAC_Handler
                0x00000138                HardFault_Handler
                0x00000138                AC_Handler
                0x00000138                SysTick_Handler
                0x00000138                PendSV_Handler
                0x00000138                TC7_Handler
                0x00000138                ADC_Handler
                0x00000138                NonMaskableInt_Handler
                0x00000138                TCC1_Handler
                0x00000138                SERCOM2_Handler
                0x00000138                TCC0_Handler
                0x00000138                RTC_Handler
                0x00000138                TC6_Handler
                0x00000138                WDT_Handler
                0x00000138                TC4_Handler
                0x00000138                Dummy_Handler
                0x00000138                PM_Handler
                0x00000138                SERCOM5_Handler
                0x00000138                TCC2_Handler
                0x00000138                EVSYS_Handler
                0x00000138                SERCOM3_Handler
                0x00000138                SERCOM4_Handler
                0x00000138                I2S_Handler
                0x00000138                NVMCTRL_Handler
                0x00000138                SERCOM0_Handler
                0x00000138                DAC_Handler
                0x00000138                PTC_Handler
                0x00000138                TC5_Handler
                0x00000138                SYSCTRL_Handler
 *fill*         0x0000013a        0x2 
 .text.Reset_Handler
                0x0000013c       0xe4 Device_Startup/startup_samd21.o
                0x0000013c                Reset_Handler
 .text.EXTERNAL_IRQ_0_init
                0x00000220       0x5c driver_init.o
                0x00000220                EXTERNAL_IRQ_0_init
 .text.GPS_UART_CLOCK_init
                0x0000027c       0x20 driver_init.o
                0x0000027c                GPS_UART_CLOCK_init
 .text.GPS_UART_PORT_init
                0x0000029c       0x40 driver_init.o
                0x0000029c                GPS_UART_PORT_init
 .text.GPS_UART_init
                0x000002dc       0x38 driver_init.o
                0x000002dc                GPS_UART_init
 .text.TARGET_IO_PORT_init
                0x00000314       0x40 driver_init.o
                0x00000314                TARGET_IO_PORT_init
 .text.TARGET_IO_CLOCK_init
                0x00000354       0x20 driver_init.o
                0x00000354                TARGET_IO_CLOCK_init
 .text.TARGET_IO_init
                0x00000374       0x2c driver_init.o
                0x00000374                TARGET_IO_init
 .text.SPI_OLED_PORT_init
                0x000003a0       0xe0 driver_init.o
                0x000003a0                SPI_OLED_PORT_init
 .text.SPI_OLED_CLOCK_init
                0x00000480       0x20 driver_init.o
                0x00000480                SPI_OLED_CLOCK_init
 .text.SPI_OLED_init
                0x000004a0       0x28 driver_init.o
                0x000004a0                SPI_OLED_init
 .text.delay_driver_init
                0x000004c8       0x14 driver_init.o
                0x000004c8                delay_driver_init
 .text.TARGET_USB_PORT_init
                0x000004dc       0x88 driver_init.o
                0x000004dc                TARGET_USB_PORT_init
 .text.TARGET_USB_CLOCK_init
                0x00000564       0x28 driver_init.o
                0x00000564                TARGET_USB_CLOCK_init
 .text.TARGET_USB_init
                0x0000058c       0x1c driver_init.o
                0x0000058c                TARGET_USB_init
 .text.system_init
                0x000005a8      0x110 driver_init.o
                0x000005a8                system_init
 .text.display_mono_construct
                0x000006b8        0xc gfx_mono/display/display_mono.o
                0x000006b8                display_mono_construct
 .text.display_mono_put_byte
                0x000006c4       0x26 gfx_mono/display/display_mono.o
                0x000006c4                display_mono_put_byte
 .text.display_mono_mask_byte
                0x000006ea       0x46 gfx_mono/display/display_mono.o
                0x000006ea                display_mono_mask_byte
 .text.display_mono_draw_pixel
                0x00000730       0x8c gfx_mono/display/display_mono.o
                0x00000730                display_mono_draw_pixel
 .text.display_mono_put_page
                0x000007bc       0x3c gfx_mono/display/display_mono.o
                0x000007bc                display_mono_put_page
 .text.display_mono_init
                0x000007f8       0x58 gfx_mono/display/display_mono.o
                0x000007f8                display_mono_init
 .text.framebuffer_put_page
                0x00000850       0x24 gfx_mono/display/framebuffer.o
                0x00000850                framebuffer_put_page
 .text.framebuffer_put_byte
                0x00000874        0xe gfx_mono/display/framebuffer.o
                0x00000874                framebuffer_put_byte
 .text.framebuffer_get_byte
                0x00000882        0xc gfx_mono/display/framebuffer.o
                0x00000882                framebuffer_get_byte
 *fill*         0x0000088e        0x2 
 .text.framebuffer_draw_pixel
                0x00000890       0x1c gfx_mono/display/framebuffer.o
                0x00000890                framebuffer_draw_pixel
 .text.framebuffer_mask_byte
                0x000008ac       0x18 gfx_mono/display/framebuffer.o
                0x000008ac                framebuffer_mask_byte
 .text.framebuffer_construct
                0x000008c4       0x24 gfx_mono/display/framebuffer.o
                0x000008c4                framebuffer_construct
 .text.ug2832hsweg04_put_page
                0x000008e8       0x34 gfx_mono/display/ug2832hsweg04/ug2832hsweg04.o
                0x000008e8                ug2832hsweg04_put_page
 .text.ug2832hsweg04_draw_pixel
                0x0000091c       0x1c gfx_mono/display/ug2832hsweg04/ug2832hsweg04.o
                0x0000091c                ug2832hsweg04_draw_pixel
 .text.ug2832hsweg04_put_byte
                0x00000938       0x2c gfx_mono/display/ug2832hsweg04/ug2832hsweg04.o
                0x00000938                ug2832hsweg04_put_byte
 .text.ug2832hsweg04_get_byte
                0x00000964       0x10 gfx_mono/display/ug2832hsweg04/ug2832hsweg04.o
                0x00000964                ug2832hsweg04_get_byte
 .text.ug2832hsweg04_mask_byte
                0x00000974       0x18 gfx_mono/display/ug2832hsweg04/ug2832hsweg04.o
                0x00000974                ug2832hsweg04_mask_byte
 .text.ug2832hsweg04_construct
                0x0000098c       0x78 gfx_mono/display/ug2832hsweg04/ug2832hsweg04.o
                0x0000098c                ug2832hsweg04_construct
 .text.display_ctrl_mono_construct
                0x00000a04        0x6 gfx_mono/display_controller/display_ctrl_mono.o
                0x00000a04                display_ctrl_mono_construct
 *fill*         0x00000a0a        0x2 
 .text.display_ctrl_mono_hard_reset
                0x00000a0c       0x2c gfx_mono/display_controller/display_ctrl_mono.o
                0x00000a0c                display_ctrl_mono_hard_reset
 .text.ssd1306_write_data
                0x00000a38       0x5e gfx_mono/display_controller/ssd1306/ssd1306.o
                0x00000a38                ssd1306_write_data
 .text.ssd1306_read_data
                0x00000a96        0x4 gfx_mono/display_controller/ssd1306/ssd1306.o
                0x00000a96                ssd1306_read_data
 .text.ssd1306_write_command
                0x00000a9a       0x5e gfx_mono/display_controller/ssd1306/ssd1306.o
                0x00000a9a                ssd1306_write_command
 .text.ssd1306_set_page_address
                0x00000af8       0x18 gfx_mono/display_controller/ssd1306/ssd1306.o
                0x00000af8                ssd1306_set_page_address
 .text.ssd1306_set_column_address
                0x00000b10       0x20 gfx_mono/display_controller/ssd1306/ssd1306.o
                0x00000b10                ssd1306_set_column_address
 .text.ssd1306_set_start_line_address
                0x00000b30       0x18 gfx_mono/display_controller/ssd1306/ssd1306.o
                0x00000b30                ssd1306_set_start_line_address
 .text.ssd1306_hard_reset
                0x00000b48       0x10 gfx_mono/display_controller/ssd1306/ssd1306.o
                0x00000b48                ssd1306_hard_reset
 .text.ssd1306_on
                0x00000b58       0x10 gfx_mono/display_controller/ssd1306/ssd1306.o
                0x00000b58                ssd1306_on
 .text.ssd1306_set_contrast
                0x00000b68       0x1c gfx_mono/display_controller/ssd1306/ssd1306.o
                0x00000b68                ssd1306_set_contrast
 .text.ssd1306_construct
                0x00000b84       0xbc gfx_mono/display_controller/ssd1306/ssd1306.o
                0x00000b84                ssd1306_construct
 .text.gfx_mono_construct
                0x00000c40        0x4 gfx_mono/gfx_mono.o
                0x00000c40                gfx_mono_construct
 .text.gfx_mono_draw_horizontal_line
                0x00000c44       0xe0 gfx_mono/gfx_mono.o
                0x00000c44                gfx_mono_draw_horizontal_line
 .text.gfx_mono_draw_vertical_line
                0x00000d24       0xc6 gfx_mono/gfx_mono.o
                0x00000d24                gfx_mono_draw_vertical_line
 *fill*         0x00000dea        0x2 
 .text.gfx_mono_draw_rect
                0x00000dec       0x60 gfx_mono/gfx_mono.o
                0x00000dec                gfx_mono_draw_rect
 .text.gfx_mono_draw_filled_rect
                0x00000e4c       0x3c gfx_mono/gfx_mono.o
                0x00000e4c                gfx_mono_draw_filled_rect
 .text.gfx_mono_text_construct
                0x00000e88        0x4 gfx_mono/gfx_mono_text.o
                0x00000e88                gfx_mono_text_construct
 .text.gfx_mono_text_draw_char
                0x00000e8c      0x104 gfx_mono/gfx_mono_text.o
                0x00000e8c                gfx_mono_text_draw_char
 .text.gfx_mono_text_draw_string
                0x00000f90       0x7c gfx_mono/gfx_mono_text.o
                0x00000f90                gfx_mono_text_draw_string
 .text.gfx_mono_init
                0x0000100c       0xac gfx_mono_main.o
                0x0000100c                gfx_mono_init
 .text.GPS_RXD_cb
                0x000010b8       0x18 gps_uart_async.o
                0x000010b8                GPS_RXD_cb
 .text.get_gps_msg_type
                0x000010d0       0x28 gps_uart_async.o
                0x000010d0                get_gps_msg_type
 .text.get_gps_sentence_type
                0x000010f8       0xb8 gps_uart_async.o
                0x000010f8                get_gps_sentence_type
 .text.get_gps_msg_info
                0x000011b0      0x318 gps_uart_async.o
                0x000011b0                get_gps_msg_info
 .text.reset_gps_msg_info
                0x000014c8      0x11c gps_uart_async.o
                0x000014c8                reset_gps_msg_info
 .text.gps_uart_async_init
                0x000015e4       0x94 gps_uart_async.o
                0x000015e4                gps_uart_async_init
 .text.get_gps_ringbuffer_byte
                0x00001678       0x30 gps_uart_async.o
                0x00001678                get_gps_ringbuffer_byte
 .text.analyze_gps_data
                0x000016a8      0x148 gps_uart_async.o
                0x000016a8                analyze_gps_data
 .text.atomic_enter_critical
                0x000017f0        0xe hal/src/hal_atomic.o
                0x000017f0                atomic_enter_critical
 .text.atomic_leave_critical
                0x000017fe        0xc hal/src/hal_atomic.o
                0x000017fe                atomic_leave_critical
 *fill*         0x0000180a        0x2 
 .text.delay_init
                0x0000180c       0x14 hal/src/hal_delay.o
                0x0000180c                delay_init
 .text.delay_us
                0x00001820       0x20 hal/src/hal_delay.o
                0x00001820                delay_us
 .text.delay_ms
                0x00001840       0x20 hal/src/hal_delay.o
                0x00001840                delay_ms
 .text.process_ext_irq
                0x00001860       0x38 hal/src/hal_ext_irq.o
 .text.ext_irq_init
                0x00001898       0x24 hal/src/hal_ext_irq.o
                0x00001898                ext_irq_init
 .text.io_write
                0x000018bc       0x34 hal/src/hal_io.o
                0x000018bc                io_write
 .text.io_read  0x000018f0       0x34 hal/src/hal_io.o
                0x000018f0                io_read
 .text.spi_m_sync_init
                0x00001924       0x54 hal/src/hal_spi_m_sync.o
                0x00001924                spi_m_sync_init
 .text.spi_m_sync_enable
                0x00001978       0x28 hal/src/hal_spi_m_sync.o
                0x00001978                spi_m_sync_enable
 .text.spi_m_sync_transfer
                0x000019a0       0x48 hal/src/hal_spi_m_sync.o
                0x000019a0                spi_m_sync_transfer
 .text._spi_m_sync_io_write
                0x000019e8       0x3c hal/src/hal_spi_m_sync.o
 .text._spi_m_sync_io_read
                0x00001a24       0x3c hal/src/hal_spi_m_sync.o
 .text.timer_add_timer_task
                0x00001a60       0x70 hal/src/hal_timer.o
 .text.timer_process_counted
                0x00001ad0       0x8c hal/src/hal_timer.o
 .text.timer_init
                0x00001b5c       0x44 hal/src/hal_timer.o
                0x00001b5c                timer_init
 .text.usart_transmission_complete
                0x00001ba0       0x12 hal/src/hal_usart_async.o
 .text.usart_error
                0x00001bb2       0x12 hal/src/hal_usart_async.o
 .text.usart_fill_rx_buffer
                0x00001bc4       0x1c hal/src/hal_usart_async.o
 .text.usart_async_write
                0x00001be0       0x64 hal/src/hal_usart_async.o
 .text.usart_process_byte_sent
                0x00001c44       0x40 hal/src/hal_usart_async.o
 .text.usart_async_read
                0x00001c84       0xe0 hal/src/hal_usart_async.o
 .text.usart_async_init
                0x00001d64       0x98 hal/src/hal_usart_async.o
                0x00001d64                usart_async_init
 .text.usart_async_enable
                0x00001dfc       0x2c hal/src/hal_usart_async.o
                0x00001dfc                usart_async_enable
 .text.usart_async_get_io_descriptor
                0x00001e28       0x2c hal/src/hal_usart_async.o
                0x00001e28                usart_async_get_io_descriptor
 .text.usart_async_register_callback
                0x00001e54       0x78 hal/src/hal_usart_async.o
                0x00001e54                usart_async_register_callback
 .text.usart_async_is_rx_not_empty
                0x00001ecc       0x30 hal/src/hal_usart_async.o
                0x00001ecc                usart_async_is_rx_not_empty
 .text.usart_async_get_status
                0x00001efc       0x4c hal/src/hal_usart_async.o
                0x00001efc                usart_async_get_status
 .text.usart_sync_write
                0x00001f48       0x7c hal/src/hal_usart_sync.o
 .text.usart_sync_read
                0x00001fc4       0x68 hal/src/hal_usart_sync.o
 .text.usart_sync_init
                0x0000202c       0x4c hal/src/hal_usart_sync.o
                0x0000202c                usart_sync_init
 .text.usart_sync_enable
                0x00002078       0x2c hal/src/hal_usart_sync.o
                0x00002078                usart_sync_enable
 .text._usb_d_find_ep
                0x000020a4       0x44 hal/src/hal_usb_device.o
 .text.usb_d_dummy_cb_false
                0x000020e8        0x4 hal/src/hal_usb_device.o
 .text.usb_d_cb_trans_more
                0x000020ec       0x38 hal/src/hal_usb_device.o
 .text._usb_d_cb_trans_done
                0x00002124      0x160 hal/src/hal_usb_device.o
 .text.usb_d_cb_trans_setup
                0x00002284       0x90 hal/src/hal_usb_device.o
 .text.usb_d_init
                0x00002314       0x74 hal/src/hal_usb_device.o
                0x00002314                usb_d_init
 .text.usb_d_register_callback
                0x00002388        0xc hal/src/hal_usb_device.o
                0x00002388                usb_d_register_callback
 .text.usb_d_enable
                0x00002394        0xc hal/src/hal_usb_device.o
                0x00002394                usb_d_enable
 .text.usb_d_attach
                0x000023a0        0xc hal/src/hal_usb_device.o
                0x000023a0                usb_d_attach
 .text.usb_d_set_address
                0x000023ac        0xc hal/src/hal_usb_device.o
                0x000023ac                usb_d_set_address
 .text.usb_d_ep_init
                0x000023b8       0x54 hal/src/hal_usb_device.o
                0x000023b8                usb_d_ep_init
 .text.usb_d_ep0_init
                0x0000240c       0x14 hal/src/hal_usb_device.o
                0x0000240c                usb_d_ep0_init
 .text.usb_d_ep_deinit
                0x00002420       0x2c hal/src/hal_usb_device.o
                0x00002420                usb_d_ep_deinit
 .text.usb_d_ep_enable
                0x0000244c       0x4c hal/src/hal_usb_device.o
                0x0000244c                usb_d_ep_enable
 .text.usb_d_ep_transfer
                0x00002498      0x128 hal/src/hal_usb_device.o
                0x00002498                usb_d_ep_transfer
 .text.usb_d_ep_halt
                0x000025c0       0x68 hal/src/hal_usb_device.o
                0x000025c0                usb_d_ep_halt
 .text.usb_d_ep_register_callback
                0x00002628       0x50 hal/src/hal_usb_device.o
                0x00002628                usb_d_ep_register_callback
 .text.assert   0x00002678        0x8 hal/utils/src/utils_assert.o
                0x00002678                assert
 .text.is_list_element
                0x00002680       0x24 hal/utils/src/utils_list.o
                0x00002680                is_list_element
 .text.list_insert_as_head
                0x000026a4       0x2c hal/utils/src/utils_list.o
                0x000026a4                list_insert_as_head
 .text.list_insert_after
                0x000026d0        0x8 hal/utils/src/utils_list.o
                0x000026d0                list_insert_after
 .text.list_insert_at_end
                0x000026d8       0x40 hal/utils/src/utils_list.o
                0x000026d8                list_insert_at_end
 .text.list_remove_head
                0x00002718        0xe hal/utils/src/utils_list.o
                0x00002718                list_remove_head
 *fill*         0x00002726        0x2 
 .text.ringbuffer_init
                0x00002728       0x54 hal/utils/src/utils_ringbuffer.o
                0x00002728                ringbuffer_init
 .text.ringbuffer_get
                0x0000277c       0x48 hal/utils/src/utils_ringbuffer.o
                0x0000277c                ringbuffer_get
 .text.ringbuffer_put
                0x000027c4       0x40 hal/utils/src/utils_ringbuffer.o
                0x000027c4                ringbuffer_put
 .text.ringbuffer_num
                0x00002804       0x24 hal/utils/src/utils_ringbuffer.o
                0x00002804                ringbuffer_num
 .text._sbrk    0x00002828       0x24 hal/utils/src/utils_syscalls.o
                0x00002828                _sbrk
 .text._close   0x0000284c        0x6 hal/utils/src/utils_syscalls.o
                0x0000284c                _close
 .text._fstat   0x00002852        0xa hal/utils/src/utils_syscalls.o
                0x00002852                _fstat
 .text._lseek   0x0000285c        0x4 hal/utils/src/utils_syscalls.o
                0x0000285c                _lseek
 .text._get_cycles_for_us
                0x00002860       0x1c hpl/core/hpl_core_m0plus_base.o
                0x00002860                _get_cycles_for_us
 .text._get_cycles_for_ms
                0x0000287c        0x8 hpl/core/hpl_core_m0plus_base.o
                0x0000287c                _get_cycles_for_ms
 .text._init_chip
                0x00002884       0x30 hpl/core/hpl_init.o
                0x00002884                _init_chip
 .text._ext_irq_init
                0x000028b4       0x94 hpl/eic/hpl_eic.o
                0x000028b4                _ext_irq_init
 .text.EIC_Handler
                0x00002948       0xe8 hpl/eic/hpl_eic.o
                0x00002948                EIC_Handler
 .text._gclk_init_generators_by_fref
                0x00002a30       0x78 hpl/gclk/hpl_gclk.o
                0x00002a30                _gclk_init_generators_by_fref
 .text._pm_init
                0x00002aa8       0x20 hpl/pm/hpl_pm.o
                0x00002aa8                _pm_init
 .text._spi_sync_enable
                0x00002ac8       0x20 hpl/sercom/hpl_sercom.o
 .text._usart_init
                0x00002ae8      0x124 hpl/sercom/hpl_sercom.o
 .text._usart_sync_init
                0x00002c0c       0x2c hpl/sercom/hpl_sercom.o
                0x00002c0c                _usart_sync_init
 .text._usart_async_init
                0x00002c38       0x7c hpl/sercom/hpl_sercom.o
                0x00002c38                _usart_async_init
 .text._usart_sync_enable
                0x00002cb4       0x14 hpl/sercom/hpl_sercom.o
                0x00002cb4                _usart_sync_enable
 .text._usart_async_enable
                0x00002cc8       0x14 hpl/sercom/hpl_sercom.o
                0x00002cc8                _usart_async_enable
 .text._usart_sync_write_byte
                0x00002cdc        0x8 hpl/sercom/hpl_sercom.o
                0x00002cdc                _usart_sync_write_byte
 .text._usart_async_write_byte
                0x00002ce4        0x8 hpl/sercom/hpl_sercom.o
                0x00002ce4                _usart_async_write_byte
 .text._usart_sync_read_byte
                0x00002cec        0x8 hpl/sercom/hpl_sercom.o
                0x00002cec                _usart_sync_read_byte
 .text._usart_sync_is_ready_to_send
                0x00002cf4        0xa hpl/sercom/hpl_sercom.o
                0x00002cf4                _usart_sync_is_ready_to_send
 .text._usart_sync_is_transmit_done
                0x00002cfe        0xa hpl/sercom/hpl_sercom.o
                0x00002cfe                _usart_sync_is_transmit_done
 .text._usart_sync_is_byte_received
                0x00002d08        0xa hpl/sercom/hpl_sercom.o
                0x00002d08                _usart_sync_is_byte_received
 .text._usart_async_enable_byte_sent_irq
                0x00002d12        0x8 hpl/sercom/hpl_sercom.o
                0x00002d12                _usart_async_enable_byte_sent_irq
 .text._usart_async_enable_tx_done_irq
                0x00002d1a        0x8 hpl/sercom/hpl_sercom.o
                0x00002d1a                _usart_async_enable_tx_done_irq
 *fill*         0x00002d22        0x2 
 .text._usart_async_set_irq_state
                0x00002d24       0x74 hpl/sercom/hpl_sercom.o
                0x00002d24                _usart_async_set_irq_state
 .text.SERCOM1_Handler
                0x00002d98       0x6c hpl/sercom/hpl_sercom.o
                0x00002d98                SERCOM1_Handler
 .text._spi_m_sync_init
                0x00002e04       0xf8 hpl/sercom/hpl_sercom.o
                0x00002e04                _spi_m_sync_init
 .text._spi_m_sync_enable
                0x00002efc       0x34 hpl/sercom/hpl_sercom.o
                0x00002efc                _spi_m_sync_enable
 .text._spi_m_sync_trans
                0x00002f30      0x110 hpl/sercom/hpl_sercom.o
                0x00002f30                _spi_m_sync_trans
 .text._sysctrl_init_sources
                0x00003040       0x5c hpl/sysctrl/hpl_sysctrl.o
                0x00003040                _sysctrl_init_sources
 .text._sysctrl_init_referenced_generators
                0x0000309c       0x84 hpl/sysctrl/hpl_sysctrl.o
                0x0000309c                _sysctrl_init_referenced_generators
 .text._delay_init
                0x00003120       0x14 hpl/systick/hpl_systick.o
                0x00003120                _delay_init
 .text._delay_cycles
                0x00003134       0x54 hpl/systick/hpl_systick.o
                0x00003134                _delay_cycles
 .text._timer_init
                0x00003188      0x114 hpl/tc/hpl_tc.o
                0x00003188                _timer_init
 .text._tc_get_timer
                0x0000329c        0x4 hpl/tc/hpl_tc.o
                0x0000329c                _tc_get_timer
 .text.TC3_Handler
                0x000032a0       0x20 hpl/tc/hpl_tc.o
                0x000032a0                TC3_Handler
 .text._dummy_func_no_return
                0x000032c0        0x4 hpl/usb/hpl_usb.o
 .text._usb_d_dev_handle_setup
                0x000032c4       0x8c hpl/usb/hpl_usb.o
 .text._usb_d_dev_handle_stall
                0x00003350       0x30 hpl/usb/hpl_usb.o
 .text._usb_d_dev_trans_done
                0x00003380       0x28 hpl/usb/hpl_usb.o
 .text._usb_d_dev_trans_stop
                0x000033a8       0x6c hpl/usb/hpl_usb.o
 .text._usb_d_dev_handle_trfail
                0x00003414      0x100 hpl/usb/hpl_usb.o
 .text._usb_d_dev_reset_epts
                0x00003514       0x48 hpl/usb/hpl_usb.o
 .text._usb_d_dev_in_next
                0x0000355c      0x1a8 hpl/usb/hpl_usb.o
 .text._usb_d_dev_out_next
                0x00003704      0x234 hpl/usb/hpl_usb.o
 .text._usb_d_dev_init
                0x00003938       0xdc hpl/usb/hpl_usb.o
                0x00003938                _usb_d_dev_init
 .text._usb_d_dev_enable
                0x00003a14       0x50 hpl/usb/hpl_usb.o
                0x00003a14                _usb_d_dev_enable
 .text._usb_d_dev_attach
                0x00003a64       0x10 hpl/usb/hpl_usb.o
                0x00003a64                _usb_d_dev_attach
 .text._usb_d_dev_set_address
                0x00003a74       0x10 hpl/usb/hpl_usb.o
                0x00003a74                _usb_d_dev_set_address
 .text._usb_d_dev_ep_init
                0x00003a84      0x12c hpl/usb/hpl_usb.o
                0x00003a84                _usb_d_dev_ep_init
 .text._usb_d_dev_ep_deinit
                0x00003bb0       0xcc hpl/usb/hpl_usb.o
                0x00003bb0                _usb_d_dev_ep_deinit
 .text._usb_d_dev_ep_enable
                0x00003c7c      0x2e8 hpl/usb/hpl_usb.o
                0x00003c7c                _usb_d_dev_ep_enable
 .text._usb_d_dev_ep_stall
                0x00003f64      0x164 hpl/usb/hpl_usb.o
                0x00003f64                _usb_d_dev_ep_stall
 .text._usb_d_dev_ep_read_req
                0x000040c8       0x70 hpl/usb/hpl_usb.o
                0x000040c8                _usb_d_dev_ep_read_req
 .text._usb_d_dev_ep_trans
                0x00004138      0x214 hpl/usb/hpl_usb.o
                0x00004138                _usb_d_dev_ep_trans
 .text._usb_d_dev_register_callback
                0x0000434c       0x24 hpl/usb/hpl_usb.o
                0x0000434c                _usb_d_dev_register_callback
 .text._usb_d_dev_register_ep_callback
                0x00004370       0x30 hpl/usb/hpl_usb.o
                0x00004370                _usb_d_dev_register_ep_callback
 .text.USB_Handler
                0x000043a0      0x244 hpl/usb/hpl_usb.o
                0x000043a0                USB_Handler
 .text.start_OLED_display
                0x000045e4       0x9c main.o
                0x000045e4                start_OLED_display
 .text.display_OLED_results
                0x00004680      0x300 main.o
                0x00004680                display_OLED_results
 .text.Get_Long_Lat
                0x00004980      0x184 main.o
                0x00004980                Get_Long_Lat
 .text.main     0x00004b04      0x150 main.o
                0x00004b04                main
 .text._read    0x00004c54       0x28 stdio_redirect/gcc/read.o
                0x00004c54                _read
 .text._write   0x00004c7c       0x28 stdio_redirect/gcc/write.o
                0x00004c7c                _write
 .text.stdio_io_init
                0x00004ca4       0x2c stdio_redirect/stdio_io.o
                0x00004ca4                stdio_io_init
 .text.stdio_io_read
                0x00004cd0       0x24 stdio_redirect/stdio_io.o
                0x00004cd0                stdio_io_read
 .text.stdio_io_write
                0x00004cf4       0x24 stdio_redirect/stdio_io.o
                0x00004cf4                stdio_io_write
 .text.stdio_redirect_init
                0x00004d18       0x20 stdio_start.o
                0x00004d18                stdio_redirect_init
 .text.cdcdf_acm_req
                0x00004d38      0x11c usb/class/cdc/device/cdcdf_acm.o
 .text.cdcdf_acm_ctrl
                0x00004e54      0x17c usb/class/cdc/device/cdcdf_acm.o
 .text.cdcdf_acm_init
                0x00004fd0       0x44 usb/class/cdc/device/cdcdf_acm.o
                0x00004fd0                cdcdf_acm_init
 .text.usbdc_unconfig
                0x00005014       0x20 usb/device/usbdc.o
 .text.usbdc_change_notify
                0x00005034       0x28 usb/device/usbdc.o
 .text.usbdc_request_handler
                0x0000505c       0x44 usb/device/usbdc.o
 .text.usbd_sof_cb
                0x000050a0       0x20 usb/device/usbdc.o
 .text.usbdc_cb_ctl_done
                0x000050c0       0x7c usb/device/usbdc.o
 .text.usbdc_reset
                0x0000513c       0x58 usb/device/usbdc.o
                0x0000513c                usbdc_reset
 .text.usbd_event_cb
                0x00005194       0x24 usb/device/usbdc.o
 .text.usbdc_xfer
                0x000051b8       0x1c usb/device/usbdc.o
                0x000051b8                usbdc_xfer
 .text.usbdc_cb_ctl_req
                0x000051d4      0x440 usb/device/usbdc.o
 .text.usbdc_register_handler
                0x00005614       0x38 usb/device/usbdc.o
                0x00005614                usbdc_register_handler
 .text.usbdc_init
                0x0000564c       0x60 usb/device/usbdc.o
                0x0000564c                usbdc_init
 .text.usbdc_register_function
                0x000056ac       0x18 usb/device/usbdc.o
                0x000056ac                usbdc_register_function
 .text.usbdc_start
                0x000056c4       0x38 usb/device/usbdc.o
                0x000056c4                usbdc_start
 .text.usbdc_attach
                0x000056fc        0xc usb/device/usbdc.o
                0x000056fc                usbdc_attach
 .text.usbdc_get_ctrl_buffer
                0x00005708        0xc usb/device/usbdc.o
                0x00005708                usbdc_get_ctrl_buffer
 .text.usbdc_get_state
                0x00005714       0x10 usb/device/usbdc.o
                0x00005714                usbdc_get_state
 .text.usb_find_desc
                0x00005724       0x36 usb/usb_protocol.o
                0x00005724                usb_find_desc
 .text.usb_find_ep_desc
                0x0000575a       0x44 usb/usb_protocol.o
                0x0000575a                usb_find_ep_desc
 *fill*         0x0000579e        0x2 
 .text.usb_find_cfg_desc
                0x000057a0       0x68 usb/usb_protocol.o
                0x000057a0                usb_find_cfg_desc
 .text.usb_find_str_desc
                0x00005808       0x3c usb/usb_protocol.o
                0x00005808                usb_find_str_desc
 .text.cdc_device_acm_init
                0x00005844       0x34 usb_start.o
                0x00005844                cdc_device_acm_init
 .text.usb_init
                0x00005878        0xc usb_start.o
                0x00005878                usb_init
 .text          0x00005884      0x114 c:/program files (x86)/atmel/studio/7.0/toolchain/arm/arm-gnu-toolchain/bin/../lib/gcc/arm-none-eabi/6.3.1/thumb/v6-m\libgcc.a(_udivsi3.o)
                0x00005884                __aeabi_uidiv
                0x00005884                __udivsi3
                0x00005990                __aeabi_uidivmod
 .text          0x00005998        0x4 c:/program files (x86)/atmel/studio/7.0/toolchain/arm/arm-gnu-toolchain/bin/../lib/gcc/arm-none-eabi/6.3.1/thumb/v6-m\libgcc.a(_dvmd_tls.o)
                0x00005998                __aeabi_idiv0
                0x00005998                __aeabi_ldiv0
 .text          0x0000599c       0x40 c:/program files (x86)/atmel/studio/7.0/toolchain/arm/arm-gnu-toolchain/bin/../lib/gcc/arm-none-eabi/6.3.1/thumb/v6-m\libgcc.a(_aeabi_uldivmod.o)
                0x0000599c                __aeabi_uldivmod
 .text          0x000059dc       0x14 c:/program files (x86)/atmel/studio/7.0/toolchain/arm/arm-gnu-toolchain/bin/../lib/gcc/arm-none-eabi/6.3.1/thumb/v6-m\libgcc.a(_ffssi2.o)
                0x000059dc                __ffssi2
 .text          0x000059f0      0x180 c:/program files (x86)/atmel/studio/7.0/toolchain/arm/arm-gnu-toolchain/bin/../lib/gcc/arm-none-eabi/6.3.1/thumb/v6-m\libgcc.a(_udivmoddi4.o)
                0x000059f0                __udivmoddi4
 .text          0x00005b70      0x324 c:/program files (x86)/atmel/studio/7.0/toolchain/arm/arm-gnu-toolchain/bin/../lib/gcc/arm-none-eabi/6.3.1/thumb/v6-m\libgcc.a(addsf3.o)
                0x00005b70                __aeabi_fadd
 .text          0x00005e94      0x290 c:/program files (x86)/atmel/studio/7.0/toolchain/arm/arm-gnu-toolchain/bin/../lib/gcc/arm-none-eabi/6.3.1/thumb/v6-m\libgcc.a(divsf3.o)
                0x00005e94                __aeabi_fdiv
 .text          0x00006124       0xa0 c:/program files (x86)/atmel/studio/7.0/toolchain/arm/arm-gnu-toolchain/bin/../lib/gcc/arm-none-eabi/6.3.1/thumb/v6-m\libgcc.a(floatsisf.o)
                0x00006124                __aeabi_i2f
 .text          0x000061c4      0x668 c:/program files (x86)/atmel/studio/7.0/toolchain/arm/arm-gnu-toolchain/bin/../lib/gcc/arm-none-eabi/6.3.1/thumb/v6-m\libgcc.a(divdf3.o)
                0x000061c4                __aeabi_ddiv
 .text          0x0000682c      0x500 c:/program files (x86)/atmel/studio/7.0/toolchain/arm/arm-gnu-toolchain/bin/../lib/gcc/arm-none-eabi/6.3.1/thumb/v6-m\libgcc.a(muldf3.o)
                0x0000682c                __aeabi_dmul
 .text          0x00006d2c      0x62c c:/program files (x86)/atmel/studio/7.0/toolchain/arm/arm-gnu-toolchain/bin/../lib/gcc/arm-none-eabi/6.3.1/thumb/v6-m\libgcc.a(subdf3.o)
                0x00006d2c                __aeabi_dsub
 .text          0x00007358       0x68 c:/program files (x86)/atmel/studio/7.0/toolchain/arm/arm-gnu-toolchain/bin/../lib/gcc/arm-none-eabi/6.3.1/thumb/v6-m\libgcc.a(fixdfsi.o)
                0x00007358                __aeabi_d2iz
 .text          0x000073c0       0x84 c:/program files (x86)/atmel/studio/7.0/toolchain/arm/arm-gnu-toolchain/bin/../lib/gcc/arm-none-eabi/6.3.1/thumb/v6-m\libgcc.a(floatsidf.o)
                0x000073c0                __aeabi_i2d
 .text          0x00007444       0x70 c:/program files (x86)/atmel/studio/7.0/toolchain/arm/arm-gnu-toolchain/bin/../lib/gcc/arm-none-eabi/6.3.1/thumb/v6-m\libgcc.a(floatunsidf.o)
                0x00007444                __aeabi_ui2d
 .text          0x000074b4       0xa4 c:/program files (x86)/atmel/studio/7.0/toolchain/arm/arm-gnu-toolchain/bin/../lib/gcc/arm-none-eabi/6.3.1/thumb/v6-m\libgcc.a(extendsfdf2.o)
                0x000074b4                __aeabi_f2d
 .text          0x00007558       0x7c c:/program files (x86)/atmel/studio/7.0/toolchain/arm/arm-gnu-toolchain/bin/../lib/gcc/arm-none-eabi/6.3.1/thumb/v6-m\libgcc.a(_arm_cmpdf2.o)
                0x00007558                __aeabi_cdrcmple
                0x00007568                __aeabi_cdcmple
                0x00007568                __aeabi_cdcmpeq
                0x00007578                __aeabi_dcmpeq
                0x00007584                __aeabi_dcmplt
                0x00007598                __aeabi_dcmple
                0x000075ac                __aeabi_dcmpgt
                0x000075c0                __aeabi_dcmpge
 .text          0x000075d4       0x3c c:/program files (x86)/atmel/studio/7.0/toolchain/arm/arm-gnu-toolchain/bin/../lib/gcc/arm-none-eabi/6.3.1/thumb/v6-m\libgcc.a(_clzsi2.o)
                0x000075d4                __clzsi2
 .text          0x00007610       0x18 c:/program files (x86)/atmel/studio/7.0/toolchain/arm/arm-gnu-toolchain/bin/../lib/gcc/arm-none-eabi/6.3.1/thumb/v6-m\libgcc.a(_clzdi2.o)
                0x00007610                __clzdi2
 .text          0x00007628       0x40 c:/program files (x86)/atmel/studio/7.0/toolchain/arm/arm-gnu-toolchain/bin/../lib/gcc/arm-none-eabi/6.3.1/thumb/v6-m\libgcc.a(_ctzsi2.o)
                0x00007628                __ctzsi2
 .text          0x00007668       0x74 c:/program files (x86)/atmel/studio/7.0/toolchain/arm/arm-gnu-toolchain/bin/../lib/gcc/arm-none-eabi/6.3.1/thumb/v6-m\libgcc.a(eqdf2.o)
                0x00007668                __nedf2
                0x00007668                __eqdf2
 .text          0x000076dc       0xc8 c:/program files (x86)/atmel/studio/7.0/toolchain/arm/arm-gnu-toolchain/bin/../lib/gcc/arm-none-eabi/6.3.1/thumb/v6-m\libgcc.a(gedf2.o)
                0x000076dc                __gedf2
                0x000076dc                __gtdf2
 .text          0x000077a4       0xc4 c:/program files (x86)/atmel/studio/7.0/toolchain/arm/arm-gnu-toolchain/bin/../lib/gcc/arm-none-eabi/6.3.1/thumb/v6-m\libgcc.a(ledf2.o)
                0x000077a4                __ledf2
                0x000077a4                __ltdf2
 .text.__libc_init_array
                0x00007868       0x48 c:/program files (x86)/atmel/studio/7.0/toolchain/arm/arm-gnu-toolchain/bin/../lib/gcc/arm-none-eabi/6.3.1/../../../../arm-none-eabi/lib/thumb/v6-m\libc.a(lib_a-init.o)
                0x00007868                __libc_init_array
 .text.memcpy   0x000078b0       0x84 c:/program files (x86)/atmel/studio/7.0/toolchain/arm/arm-gnu-toolchain/bin/../lib/gcc/arm-none-eabi/6.3.1/../../../../arm-none-eabi/lib/thumb/v6-m\libc.a(lib_a-memcpy-stub.o)
                0x000078b0                memcpy
 .text.memset   0x00007934       0x94 c:/program files (x86)/atmel/studio/7.0/toolchain/arm/arm-gnu-toolchain/bin/../lib/gcc/arm-none-eabi/6.3.1/../../../../arm-none-eabi/lib/thumb/v6-m\libc.a(lib_a-memset.o)
                0x00007934                memset
 .text.setbuf   0x000079c8       0x14 c:/program files (x86)/atmel/studio/7.0/toolchain/arm/arm-gnu-toolchain/bin/../lib/gcc/arm-none-eabi/6.3.1/../../../../arm-none-eabi/lib/thumb/v6-m\libc.a(lib_a-setbuf.o)
                0x000079c8                setbuf
 .text.setvbuf  0x000079dc      0x1a0 c:/program files (x86)/atmel/studio/7.0/toolchain/arm/arm-gnu-toolchain/bin/../lib/gcc/arm-none-eabi/6.3.1/../../../../arm-none-eabi/lib/thumb/v6-m\libc.a(lib_a-setvbuf.o)
                0x000079dc                setvbuf
 .text.sprintf  0x00007b7c       0x44 c:/program files (x86)/atmel/studio/7.0/toolchain/arm/arm-gnu-toolchain/bin/../lib/gcc/arm-none-eabi/6.3.1/../../../../arm-none-eabi/lib/thumb/v6-m\libc.a(lib_a-sprintf.o)
                0x00007b7c                sprintf
 .text.strlen   0x00007bc0       0x64 c:/program files (x86)/atmel/studio/7.0/toolchain/arm/arm-gnu-toolchain/bin/../lib/gcc/arm-none-eabi/6.3.1/../../../../arm-none-eabi/lib/thumb/v6-m\libc.a(lib_a-strlen-stub.o)
                0x00007bc0                strlen
 .text._svfprintf_r
                0x00007c24     0x1608 c:/program files (x86)/atmel/studio/7.0/toolchain/arm/arm-gnu-toolchain/bin/../lib/gcc/arm-none-eabi/6.3.1/../../../../arm-none-eabi/lib/thumb/v6-m\libc.a(lib_a-svfprintf.o)
                0x00007c24                _svfprintf_r
 .text.startup.register_fini
                0x0000922c       0x18 c:/program files (x86)/atmel/studio/7.0/toolchain/arm/arm-gnu-toolchain/bin/../lib/gcc/arm-none-eabi/6.3.1/../../../../arm-none-eabi/lib/thumb/v6-m\libc.a(lib_a-__call_atexit.o)
 .text.atexit   0x00009244       0x10 c:/program files (x86)/atmel/studio/7.0/toolchain/arm/arm-gnu-toolchain/bin/../lib/gcc/arm-none-eabi/6.3.1/../../../../arm-none-eabi/lib/thumb/v6-m\libc.a(lib_a-atexit.o)
                0x00009244                atexit
 .text.quorem   0x00009254      0x154 c:/program files (x86)/atmel/studio/7.0/toolchain/arm/arm-gnu-toolchain/bin/../lib/gcc/arm-none-eabi/6.3.1/../../../../arm-none-eabi/lib/thumb/v6-m\libc.a(lib_a-dtoa.o)
 .text._dtoa_r  0x000093a8      0xf88 c:/program files (x86)/atmel/studio/7.0/toolchain/arm/arm-gnu-toolchain/bin/../lib/gcc/arm-none-eabi/6.3.1/../../../../arm-none-eabi/lib/thumb/v6-m\libc.a(lib_a-dtoa.o)
                0x000093a8                _dtoa_r
 .text.__sflush_r
                0x0000a330      0x150 c:/program files (x86)/atmel/studio/7.0/toolchain/arm/arm-gnu-toolchain/bin/../lib/gcc/arm-none-eabi/6.3.1/../../../../arm-none-eabi/lib/thumb/v6-m\libc.a(lib_a-fflush.o)
                0x0000a330                __sflush_r
 .text._fflush_r
                0x0000a480       0x54 c:/program files (x86)/atmel/studio/7.0/toolchain/arm/arm-gnu-toolchain/bin/../lib/gcc/arm-none-eabi/6.3.1/../../../../arm-none-eabi/lib/thumb/v6-m\libc.a(lib_a-fflush.o)
                0x0000a480                _fflush_r
 .text._cleanup_r
                0x0000a4d4       0x10 c:/program files (x86)/atmel/studio/7.0/toolchain/arm/arm-gnu-toolchain/bin/../lib/gcc/arm-none-eabi/6.3.1/../../../../arm-none-eabi/lib/thumb/v6-m\libc.a(lib_a-findfp.o)
                0x0000a4d4                _cleanup_r
 .text.std.isra.0
                0x0000a4e4       0x50 c:/program files (x86)/atmel/studio/7.0/toolchain/arm/arm-gnu-toolchain/bin/../lib/gcc/arm-none-eabi/6.3.1/../../../../arm-none-eabi/lib/thumb/v6-m\libc.a(lib_a-findfp.o)
 .text.__sinit  0x0000a534       0x60 c:/program files (x86)/atmel/studio/7.0/toolchain/arm/arm-gnu-toolchain/bin/../lib/gcc/arm-none-eabi/6.3.1/../../../../arm-none-eabi/lib/thumb/v6-m\libc.a(lib_a-findfp.o)
                0x0000a534                __sinit
 .text.__sfp_lock_acquire
                0x0000a594       0x10 c:/program files (x86)/atmel/studio/7.0/toolchain/arm/arm-gnu-toolchain/bin/../lib/gcc/arm-none-eabi/6.3.1/../../../../arm-none-eabi/lib/thumb/v6-m\libc.a(lib_a-findfp.o)
                0x0000a594                __sfp_lock_acquire
 .text.__sfp_lock_release
                0x0000a5a4       0x10 c:/program files (x86)/atmel/studio/7.0/toolchain/arm/arm-gnu-toolchain/bin/../lib/gcc/arm-none-eabi/6.3.1/../../../../arm-none-eabi/lib/thumb/v6-m\libc.a(lib_a-findfp.o)
                0x0000a5a4                __sfp_lock_release
 .text.__libc_fini_array
                0x0000a5b4       0x34 c:/program files (x86)/atmel/studio/7.0/toolchain/arm/arm-gnu-toolchain/bin/../lib/gcc/arm-none-eabi/6.3.1/../../../../arm-none-eabi/lib/thumb/v6-m\libc.a(lib_a-fini.o)
                0x0000a5b4                __libc_fini_array
 .text._malloc_trim_r
                0x0000a5e8       0xa0 c:/program files (x86)/atmel/studio/7.0/toolchain/arm/arm-gnu-toolchain/bin/../lib/gcc/arm-none-eabi/6.3.1/../../../../arm-none-eabi/lib/thumb/v6-m\libc.a(lib_a-freer.o)
                0x0000a5e8                _malloc_trim_r
 .text._free_r  0x0000a688      0x1bc c:/program files (x86)/atmel/studio/7.0/toolchain/arm/arm-gnu-toolchain/bin/../lib/gcc/arm-none-eabi/6.3.1/../../../../arm-none-eabi/lib/thumb/v6-m\libc.a(lib_a-freer.o)
                0x0000a688                _free_r
 .text._fwalk_reent
                0x0000a844       0x4c c:/program files (x86)/atmel/studio/7.0/toolchain/arm/arm-gnu-toolchain/bin/../lib/gcc/arm-none-eabi/6.3.1/../../../../arm-none-eabi/lib/thumb/v6-m\libc.a(lib_a-fwalk.o)
                0x0000a844                _fwalk_reent
 .text._localeconv_r
                0x0000a890       0x1c c:/program files (x86)/atmel/studio/7.0/toolchain/arm/arm-gnu-toolchain/bin/../lib/gcc/arm-none-eabi/6.3.1/../../../../arm-none-eabi/lib/thumb/v6-m\libc.a(lib_a-localeconv.o)
                0x0000a890                _localeconv_r
 .text.__retarget_lock_init_recursive
                0x0000a8ac        0x4 c:/program files (x86)/atmel/studio/7.0/toolchain/arm/arm-gnu-toolchain/bin/../lib/gcc/arm-none-eabi/6.3.1/../../../../arm-none-eabi/lib/thumb/v6-m\libc.a(lib_a-lock.o)
                0x0000a8ac                __retarget_lock_init_recursive
 .text.__retarget_lock_close_recursive
                0x0000a8b0        0x4 c:/program files (x86)/atmel/studio/7.0/toolchain/arm/arm-gnu-toolchain/bin/../lib/gcc/arm-none-eabi/6.3.1/../../../../arm-none-eabi/lib/thumb/v6-m\libc.a(lib_a-lock.o)
                0x0000a8b0                __retarget_lock_close_recursive
 .text.__retarget_lock_acquire_recursive
                0x0000a8b4        0x4 c:/program files (x86)/atmel/studio/7.0/toolchain/arm/arm-gnu-toolchain/bin/../lib/gcc/arm-none-eabi/6.3.1/../../../../arm-none-eabi/lib/thumb/v6-m\libc.a(lib_a-lock.o)
                0x0000a8b4                __retarget_lock_acquire_recursive
 .text.__retarget_lock_release_recursive
                0x0000a8b8        0x4 c:/program files (x86)/atmel/studio/7.0/toolchain/arm/arm-gnu-toolchain/bin/../lib/gcc/arm-none-eabi/6.3.1/../../../../arm-none-eabi/lib/thumb/v6-m\libc.a(lib_a-lock.o)
                0x0000a8b8                __retarget_lock_release_recursive
 .text.__swhatbuf_r
                0x0000a8bc       0x60 c:/program files (x86)/atmel/studio/7.0/toolchain/arm/arm-gnu-toolchain/bin/../lib/gcc/arm-none-eabi/6.3.1/../../../../arm-none-eabi/lib/thumb/v6-m\libc.a(lib_a-makebuf.o)
                0x0000a8bc                __swhatbuf_r
 .text.malloc   0x0000a91c       0x14 c:/program files (x86)/atmel/studio/7.0/toolchain/arm/arm-gnu-toolchain/bin/../lib/gcc/arm-none-eabi/6.3.1/../../../../arm-none-eabi/lib/thumb/v6-m\libc.a(lib_a-malloc.o)
                0x0000a91c                malloc
 .text._malloc_r
                0x0000a930      0x568 c:/program files (x86)/atmel/studio/7.0/toolchain/arm/arm-gnu-toolchain/bin/../lib/gcc/arm-none-eabi/6.3.1/../../../../arm-none-eabi/lib/thumb/v6-m\libc.a(lib_a-mallocr.o)
                0x0000a930                _malloc_r
 .text.memchr   0x0000ae98       0x80 c:/program files (x86)/atmel/studio/7.0/toolchain/arm/arm-gnu-toolchain/bin/../lib/gcc/arm-none-eabi/6.3.1/../../../../arm-none-eabi/lib/thumb/v6-m\libc.a(lib_a-memchr-stub.o)
                0x0000ae98                memchr
 .text.memmove  0x0000af18       0xa0 c:/program files (x86)/atmel/studio/7.0/toolchain/arm/arm-gnu-toolchain/bin/../lib/gcc/arm-none-eabi/6.3.1/../../../../arm-none-eabi/lib/thumb/v6-m\libc.a(lib_a-memmove.o)
                0x0000af18                memmove
 .text.__malloc_lock
                0x0000afb8       0x10 c:/program files (x86)/atmel/studio/7.0/toolchain/arm/arm-gnu-toolchain/bin/../lib/gcc/arm-none-eabi/6.3.1/../../../../arm-none-eabi/lib/thumb/v6-m\libc.a(lib_a-mlock.o)
                0x0000afb8                __malloc_lock
 .text.__malloc_unlock
                0x0000afc8       0x10 c:/program files (x86)/atmel/studio/7.0/toolchain/arm/arm-gnu-toolchain/bin/../lib/gcc/arm-none-eabi/6.3.1/../../../../arm-none-eabi/lib/thumb/v6-m\libc.a(lib_a-mlock.o)
                0x0000afc8                __malloc_unlock
 .text._Balloc  0x0000afd8       0x50 c:/program files (x86)/atmel/studio/7.0/toolchain/arm/arm-gnu-toolchain/bin/../lib/gcc/arm-none-eabi/6.3.1/../../../../arm-none-eabi/lib/thumb/v6-m\libc.a(lib_a-mprec.o)
                0x0000afd8                _Balloc
 .text._Bfree   0x0000b028       0x14 c:/program files (x86)/atmel/studio/7.0/toolchain/arm/arm-gnu-toolchain/bin/../lib/gcc/arm-none-eabi/6.3.1/../../../../arm-none-eabi/lib/thumb/v6-m\libc.a(lib_a-mprec.o)
                0x0000b028                _Bfree
 .text.__multadd
                0x0000b03c       0x8c c:/program files (x86)/atmel/studio/7.0/toolchain/arm/arm-gnu-toolchain/bin/../lib/gcc/arm-none-eabi/6.3.1/../../../../arm-none-eabi/lib/thumb/v6-m\libc.a(lib_a-mprec.o)
                0x0000b03c                __multadd
 .text.__hi0bits
                0x0000b0c8       0x34 c:/program files (x86)/atmel/studio/7.0/toolchain/arm/arm-gnu-toolchain/bin/../lib/gcc/arm-none-eabi/6.3.1/../../../../arm-none-eabi/lib/thumb/v6-m\libc.a(lib_a-mprec.o)
                0x0000b0c8                __hi0bits
 .text.__lo0bits
                0x0000b0fc       0x5c c:/program files (x86)/atmel/studio/7.0/toolchain/arm/arm-gnu-toolchain/bin/../lib/gcc/arm-none-eabi/6.3.1/../../../../arm-none-eabi/lib/thumb/v6-m\libc.a(lib_a-mprec.o)
                0x0000b0fc                __lo0bits
 .text.__i2b    0x0000b158       0x14 c:/program files (x86)/atmel/studio/7.0/toolchain/arm/arm-gnu-toolchain/bin/../lib/gcc/arm-none-eabi/6.3.1/../../../../arm-none-eabi/lib/thumb/v6-m\libc.a(lib_a-mprec.o)
                0x0000b158                __i2b
 .text.__multiply
                0x0000b16c      0x154 c:/program files (x86)/atmel/studio/7.0/toolchain/arm/arm-gnu-toolchain/bin/../lib/gcc/arm-none-eabi/6.3.1/../../../../arm-none-eabi/lib/thumb/v6-m\libc.a(lib_a-mprec.o)
                0x0000b16c                __multiply
 .text.__pow5mult
                0x0000b2c0       0xc0 c:/program files (x86)/atmel/studio/7.0/toolchain/arm/arm-gnu-toolchain/bin/../lib/gcc/arm-none-eabi/6.3.1/../../../../arm-none-eabi/lib/thumb/v6-m\libc.a(lib_a-mprec.o)
                0x0000b2c0                __pow5mult
 .text.__lshift
                0x0000b380       0xc0 c:/program files (x86)/atmel/studio/7.0/toolchain/arm/arm-gnu-toolchain/bin/../lib/gcc/arm-none-eabi/6.3.1/../../../../arm-none-eabi/lib/thumb/v6-m\libc.a(lib_a-mprec.o)
                0x0000b380                __lshift
 .text.__mcmp   0x0000b440       0x34 c:/program files (x86)/atmel/studio/7.0/toolchain/arm/arm-gnu-toolchain/bin/../lib/gcc/arm-none-eabi/6.3.1/../../../../arm-none-eabi/lib/thumb/v6-m\libc.a(lib_a-mprec.o)
                0x0000b440                __mcmp
 .text.__mdiff  0x0000b474      0x138 c:/program files (x86)/atmel/studio/7.0/toolchain/arm/arm-gnu-toolchain/bin/../lib/gcc/arm-none-eabi/6.3.1/../../../../arm-none-eabi/lib/thumb/v6-m\libc.a(lib_a-mprec.o)
                0x0000b474                __mdiff
 .text.__d2b    0x0000b5ac       0xbc c:/program files (x86)/atmel/studio/7.0/toolchain/arm/arm-gnu-toolchain/bin/../lib/gcc/arm-none-eabi/6.3.1/../../../../arm-none-eabi/lib/thumb/v6-m\libc.a(lib_a-mprec.o)
                0x0000b5ac                __d2b
 .text._realloc_r
                0x0000b668      0x37c c:/program files (x86)/atmel/studio/7.0/toolchain/arm/arm-gnu-toolchain/bin/../lib/gcc/arm-none-eabi/6.3.1/../../../../arm-none-eabi/lib/thumb/v6-m\libc.a(lib_a-reallocr.o)
                0x0000b668                _realloc_r
 .text._sbrk_r  0x0000b9e4       0x24 c:/program files (x86)/atmel/studio/7.0/toolchain/arm/arm-gnu-toolchain/bin/../lib/gcc/arm-none-eabi/6.3.1/../../../../arm-none-eabi/lib/thumb/v6-m\libc.a(lib_a-sbrkr.o)
                0x0000b9e4                _sbrk_r
 .text.__sread  0x0000ba08       0x28 c:/program files (x86)/atmel/studio/7.0/toolchain/arm/arm-gnu-toolchain/bin/../lib/gcc/arm-none-eabi/6.3.1/../../../../arm-none-eabi/lib/thumb/v6-m\libc.a(lib_a-stdio.o)
                0x0000ba08                __sread
 .text.__swrite
                0x0000ba30       0x3c c:/program files (x86)/atmel/studio/7.0/toolchain/arm/arm-gnu-toolchain/bin/../lib/gcc/arm-none-eabi/6.3.1/../../../../arm-none-eabi/lib/thumb/v6-m\libc.a(lib_a-stdio.o)
                0x0000ba30                __swrite
 .text.__sseek  0x0000ba6c       0x2c c:/program files (x86)/atmel/studio/7.0/toolchain/arm/arm-gnu-toolchain/bin/../lib/gcc/arm-none-eabi/6.3.1/../../../../arm-none-eabi/lib/thumb/v6-m\libc.a(lib_a-stdio.o)
                0x0000ba6c                __sseek
 .text.__sclose
                0x0000ba98        0xc c:/program files (x86)/atmel/studio/7.0/toolchain/arm/arm-gnu-toolchain/bin/../lib/gcc/arm-none-eabi/6.3.1/../../../../arm-none-eabi/lib/thumb/v6-m\libc.a(lib_a-stdio.o)
                0x0000ba98                __sclose
 .text.__ssprint_r
                0x0000baa4      0x120 c:/program files (x86)/atmel/studio/7.0/toolchain/arm/arm-gnu-toolchain/bin/../lib/gcc/arm-none-eabi/6.3.1/../../../../arm-none-eabi/lib/thumb/v6-m\libc.a(lib_a-svfiprintf.o)
                0x0000baa4                __ssprint_r
 .text._write_r
                0x0000bbc4       0x28 c:/program files (x86)/atmel/studio/7.0/toolchain/arm/arm-gnu-toolchain/bin/../lib/gcc/arm-none-eabi/6.3.1/../../../../arm-none-eabi/lib/thumb/v6-m\libc.a(lib_a-writer.o)
                0x0000bbc4                _write_r
 .text.__register_exitproc
                0x0000bbec       0xf4 c:/program files (x86)/atmel/studio/7.0/toolchain/arm/arm-gnu-toolchain/bin/../lib/gcc/arm-none-eabi/6.3.1/../../../../arm-none-eabi/lib/thumb/v6-m\libc.a(lib_a-__atexit.o)
                0x0000bbec                __register_exitproc
 .text._calloc_r
                0x0000bce0       0x58 c:/program files (x86)/atmel/studio/7.0/toolchain/arm/arm-gnu-toolchain/bin/../lib/gcc/arm-none-eabi/6.3.1/../../../../arm-none-eabi/lib/thumb/v6-m\libc.a(lib_a-callocr.o)
                0x0000bce0                _calloc_r
 .text._close_r
                0x0000bd38       0x24 c:/program files (x86)/atmel/studio/7.0/toolchain/arm/arm-gnu-toolchain/bin/../lib/gcc/arm-none-eabi/6.3.1/../../../../arm-none-eabi/lib/thumb/v6-m\libc.a(lib_a-closer.o)
                0x0000bd38                _close_r
 .text._fclose_r
                0x0000bd5c       0xcc c:/program files (x86)/atmel/studio/7.0/toolchain/arm/arm-gnu-toolchain/bin/../lib/gcc/arm-none-eabi/6.3.1/../../../../arm-none-eabi/lib/thumb/v6-m\libc.a(lib_a-fclose.o)
                0x0000bd5c                _fclose_r
 .text._fstat_r
                0x0000be28       0x28 c:/program files (x86)/atmel/studio/7.0/toolchain/arm/arm-gnu-toolchain/bin/../lib/gcc/arm-none-eabi/6.3.1/../../../../arm-none-eabi/lib/thumb/v6-m\libc.a(lib_a-fstatr.o)
                0x0000be28                _fstat_r
 .text._lseek_r
                0x0000be50       0x28 c:/program files (x86)/atmel/studio/7.0/toolchain/arm/arm-gnu-toolchain/bin/../lib/gcc/arm-none-eabi/6.3.1/../../../../arm-none-eabi/lib/thumb/v6-m\libc.a(lib_a-lseekr.o)
                0x0000be50                _lseek_r
 .text.__ascii_mbtowc
                0x0000be78       0x2c c:/program files (x86)/atmel/studio/7.0/toolchain/arm/arm-gnu-toolchain/bin/../lib/gcc/arm-none-eabi/6.3.1/../../../../arm-none-eabi/lib/thumb/v6-m\libc.a(lib_a-mbtowc_r.o)
                0x0000be78                __ascii_mbtowc
 .text._read_r  0x0000bea4       0x28 c:/program files (x86)/atmel/studio/7.0/toolchain/arm/arm-gnu-toolchain/bin/../lib/gcc/arm-none-eabi/6.3.1/../../../../arm-none-eabi/lib/thumb/v6-m\libc.a(lib_a-readr.o)
                0x0000bea4                _read_r
 .text.__ascii_wctomb
                0x0000becc       0x1c c:/program files (x86)/atmel/studio/7.0/toolchain/arm/arm-gnu-toolchain/bin/../lib/gcc/arm-none-eabi/6.3.1/../../../../arm-none-eabi/lib/thumb/v6-m\libc.a(lib_a-wctomb_r.o)
                0x0000becc                __ascii_wctomb
 .text          0x0000bee8      0x1d4 c:/program files (x86)/atmel/studio/7.0/toolchain/arm/arm-gnu-toolchain/bin/../lib/gcc/arm-none-eabi/6.3.1/thumb/v6-m\libgcc.a(_divsi3.o)
                0x0000bee8                __divsi3
                0x0000bee8                __aeabi_idiv
                0x0000c0b4                __aeabi_idivmod
 .text          0x0000c0bc      0x620 c:/program files (x86)/atmel/studio/7.0/toolchain/arm/arm-gnu-toolchain/bin/../lib/gcc/arm-none-eabi/6.3.1/thumb/v6-m\libgcc.a(adddf3.o)
                0x0000c0bc                __aeabi_dadd
 .text          0x0000c6dc       0x40 c:/program files (x86)/atmel/studio/7.0/toolchain/arm/arm-gnu-toolchain/bin/../lib/gcc/arm-none-eabi/6.3.1/thumb/v6-m\libgcc.a(unorddf2.o)
                0x0000c6dc                __aeabi_dcmpun
 *(.glue_7t)
 .glue_7t       0x0000c71c        0x0 linker stubs
 *(.glue_7)
 .glue_7        0x0000c71c        0x0 linker stubs
 *(.rodata .rodata* .gnu.linkonce.r.*)
 .rodata        0x0000c71c      0x292 gfx_mono/fonts/gfx_mono_font_basic_6x7.o
 *fill*         0x0000c9ae        0x2 
 .rodata.str1.4
                0x0000c9b0       0x1c gfx_mono/gfx_mono_text.o
 .rodata.str1.4
                0x0000c9cc       0x17 gps_uart_async.o
 *fill*         0x0000c9e3        0x1 
 .rodata.str1.4
                0x0000c9e4       0x14 hal/src/hal_io.o
 .rodata.str1.4
                0x0000c9f8       0x1c hal/src/hal_spi_m_sync.o
 .rodata.str1.4
                0x0000ca14       0x17 hal/src/hal_timer.o
 *fill*         0x0000ca2b        0x1 
 .rodata.str1.4
                0x0000ca2c       0x1d hal/src/hal_usart_async.o
 *fill*         0x0000ca49        0x3 
 .rodata.str1.4
                0x0000ca4c       0x1c hal/src/hal_usart_sync.o
 .rodata.str1.4
                0x0000ca68       0x1e hal/utils/src/utils_list.o
 *fill*         0x0000ca86        0x2 
 .rodata.str1.4
                0x0000ca88       0x24 hal/utils/src/utils_ringbuffer.o
 .rodata        0x0000caac        0x8 hpl/eic/hpl_eic.o
 .rodata.str1.4
                0x0000cab4       0x15 hpl/eic/hpl_eic.o
 *fill*         0x0000cac9        0x3 
 .rodata        0x0000cacc       0x40 hpl/sercom/hpl_sercom.o
 .rodata.str1.4
                0x0000cb0c       0x1b hpl/sercom/hpl_sercom.o
 *fill*         0x0000cb27        0x1 
 .rodata        0x0000cb28       0x14 hpl/tc/hpl_tc.o
 .rodata.str1.4
                0x0000cb3c       0x13 hpl/tc/hpl_tc.o
 *fill*         0x0000cb4f        0x1 
 .rodata.cst2   0x0000cb50        0x2 hpl/usb/hpl_usb.o
 *fill*         0x0000cb52        0x2 
 .rodata        0x0000cb54       0x24 hpl/usb/hpl_usb.o
 .rodata.str1.4
                0x0000cb78       0x4a main.o
 *fill*         0x0000cbc2        0x2 
 .rodata        0x0000cbc4       0x30 usb/device/usbdc.o
 .rodata.str1.4
                0x0000cbf4       0x16 usb/device/usbdc.o
 *fill*         0x0000cc0a        0x2 
 .rodata        0x0000cc0c       0x80 c:/program files (x86)/atmel/studio/7.0/toolchain/arm/arm-gnu-toolchain/bin/../lib/gcc/arm-none-eabi/6.3.1/thumb/v6-m\libgcc.a(divsf3.o)
 .rodata        0x0000cc8c       0x40 c:/program files (x86)/atmel/studio/7.0/toolchain/arm/arm-gnu-toolchain/bin/../lib/gcc/arm-none-eabi/6.3.1/thumb/v6-m\libgcc.a(divdf3.o)
 .rodata        0x0000cccc       0x40 c:/program files (x86)/atmel/studio/7.0/toolchain/arm/arm-gnu-toolchain/bin/../lib/gcc/arm-none-eabi/6.3.1/thumb/v6-m\libgcc.a(muldf3.o)
 .rodata._global_impure_ptr
                0x0000cd0c        0x4 c:/program files (x86)/atmel/studio/7.0/toolchain/arm/arm-gnu-toolchain/bin/../lib/gcc/arm-none-eabi/6.3.1/../../../../arm-none-eabi/lib/thumb/v6-m\libc.a(lib_a-impure.o)
                0x0000cd0c                _global_impure_ptr
 .rodata._svfprintf_r
                0x0000cd10      0x164 c:/program files (x86)/atmel/studio/7.0/toolchain/arm/arm-gnu-toolchain/bin/../lib/gcc/arm-none-eabi/6.3.1/../../../../arm-none-eabi/lib/thumb/v6-m\libc.a(lib_a-svfprintf.o)
 .rodata._svfprintf_r.str1.4
                0x0000ce74       0x42 c:/program files (x86)/atmel/studio/7.0/toolchain/arm/arm-gnu-toolchain/bin/../lib/gcc/arm-none-eabi/6.3.1/../../../../arm-none-eabi/lib/thumb/v6-m\libc.a(lib_a-svfprintf.o)
 *fill*         0x0000ceb6        0x2 
 .rodata.blanks.7223
                0x0000ceb8       0x10 c:/program files (x86)/atmel/studio/7.0/toolchain/arm/arm-gnu-toolchain/bin/../lib/gcc/arm-none-eabi/6.3.1/../../../../arm-none-eabi/lib/thumb/v6-m\libc.a(lib_a-svfprintf.o)
 .rodata.zeroes.7224
                0x0000cec8       0x10 c:/program files (x86)/atmel/studio/7.0/toolchain/arm/arm-gnu-toolchain/bin/../lib/gcc/arm-none-eabi/6.3.1/../../../../arm-none-eabi/lib/thumb/v6-m\libc.a(lib_a-svfprintf.o)
 .rodata._dtoa_r.str1.4
                0x0000ced8       0x10 c:/program files (x86)/atmel/studio/7.0/toolchain/arm/arm-gnu-toolchain/bin/../lib/gcc/arm-none-eabi/6.3.1/../../../../arm-none-eabi/lib/thumb/v6-m\libc.a(lib_a-dtoa.o)
                                 0x12 (size before relaxing)
 .rodata.__mprec_bigtens
                0x0000cee8       0x28 c:/program files (x86)/atmel/studio/7.0/toolchain/arm/arm-gnu-toolchain/bin/../lib/gcc/arm-none-eabi/6.3.1/../../../../arm-none-eabi/lib/thumb/v6-m\libc.a(lib_a-mprec.o)
                0x0000cee8                __mprec_bigtens
 .rodata.__mprec_tens
                0x0000cf10       0xc8 c:/program files (x86)/atmel/studio/7.0/toolchain/arm/arm-gnu-toolchain/bin/../lib/gcc/arm-none-eabi/6.3.1/../../../../arm-none-eabi/lib/thumb/v6-m\libc.a(lib_a-mprec.o)
                0x0000cf10                __mprec_tens
 .rodata.p05.6055
                0x0000cfd8        0xc c:/program files (x86)/atmel/studio/7.0/toolchain/arm/arm-gnu-toolchain/bin/../lib/gcc/arm-none-eabi/6.3.1/../../../../arm-none-eabi/lib/thumb/v6-m\libc.a(lib_a-mprec.o)
 .rodata._setlocale_r.str1.4
                0x0000cfe4        0xa c:/program files (x86)/atmel/studio/7.0/toolchain/arm/arm-gnu-toolchain/bin/../lib/gcc/arm-none-eabi/6.3.1/../../../../arm-none-eabi/lib/thumb/v6-m\libc.a(lib_a-locale.o)
                                  0xd (size before relaxing)
 *fill*         0x0000cfee        0x2 
 .rodata.str1.4
                0x0000cff0        0x4 c:/program files (x86)/atmel/studio/7.0/toolchain/arm/arm-gnu-toolchain/bin/../lib/gcc/arm-none-eabi/6.3.1/../../../../arm-none-eabi/lib/thumb/v6-m\libc.a(lib_a-locale.o)
                                  0x2 (size before relaxing)
 .rodata._ctype_
                0x0000cff4      0x101 c:/program files (x86)/atmel/studio/7.0/toolchain/arm/arm-gnu-toolchain/bin/../lib/gcc/arm-none-eabi/6.3.1/../../../../arm-none-eabi/lib/thumb/v6-m\libc.a(lib_a-ctype_.o)
                0x0000cff4                _ctype_
 *(.ARM.extab* .gnu.linkonce.armextab.*)
                0x0000d0f8                . = ALIGN (0x4)
 *fill*         0x0000d0f5        0x3 
 *(.init)
 .init          0x0000d0f8        0x4 c:/program files (x86)/atmel/studio/7.0/toolchain/arm/arm-gnu-toolchain/bin/../lib/gcc/arm-none-eabi/6.3.1/thumb/v6-m/crti.o
                0x0000d0f8                _init
 .init          0x0000d0fc        0x8 c:/program files (x86)/atmel/studio/7.0/toolchain/arm/arm-gnu-toolchain/bin/../lib/gcc/arm-none-eabi/6.3.1/thumb/v6-m/crtn.o
                0x0000d104                . = ALIGN (0x4)
                0x0000d104                __preinit_array_start = .
 *(.preinit_array)
                0x0000d104                __preinit_array_end = .
                0x0000d104                . = ALIGN (0x4)
                0x0000d104                __init_array_start = .
 *(SORT(.init_array.*))
 .init_array.00000
                0x0000d104        0x4 c:/program files (x86)/atmel/studio/7.0/toolchain/arm/arm-gnu-toolchain/bin/../lib/gcc/arm-none-eabi/6.3.1/../../../../arm-none-eabi/lib/thumb/v6-m\libc.a(lib_a-__call_atexit.o)
 *(.init_array)
 .init_array    0x0000d108        0x4 c:/program files (x86)/atmel/studio/7.0/toolchain/arm/arm-gnu-toolchain/bin/../lib/gcc/arm-none-eabi/6.3.1/thumb/v6-m/crtbegin.o
                0x0000d10c                __init_array_end = .
                0x0000d10c                . = ALIGN (0x4)
 *crtbegin.o(.ctors)
 *(EXCLUDE_FILE(*crtend.o) .ctors)
 *(SORT(.ctors.*))
 *crtend.o(.ctors)
                0x0000d10c                . = ALIGN (0x4)
 *(.fini)
 .fini          0x0000d10c        0x4 c:/program files (x86)/atmel/studio/7.0/toolchain/arm/arm-gnu-toolchain/bin/../lib/gcc/arm-none-eabi/6.3.1/thumb/v6-m/crti.o
                0x0000d10c                _fini
 .fini          0x0000d110        0x8 c:/program files (x86)/atmel/studio/7.0/toolchain/arm/arm-gnu-toolchain/bin/../lib/gcc/arm-none-eabi/6.3.1/thumb/v6-m/crtn.o
                0x0000d118                . = ALIGN (0x4)
                0x0000d118                __fini_array_start = .
 *(.fini_array)
 .fini_array    0x0000d118        0x4 c:/program files (x86)/atmel/studio/7.0/toolchain/arm/arm-gnu-toolchain/bin/../lib/gcc/arm-none-eabi/6.3.1/thumb/v6-m/crtbegin.o
 *(SORT(.fini_array.*))
                0x0000d11c                __fini_array_end = .
 *crtbegin.o(.dtors)
 *(EXCLUDE_FILE(*crtend.o) .dtors)
 *(SORT(.dtors.*))
 *crtend.o(.dtors)
                0x0000d11c                . = ALIGN (0x4)
                0x0000d11c                _efixed = .
                [!provide]                PROVIDE (__exidx_start, .)

.vfp11_veneer   0x0000d11c        0x0
 .vfp11_veneer  0x0000d11c        0x0 linker stubs

.v4_bx          0x0000d11c        0x0
 .v4_bx         0x0000d11c        0x0 linker stubs

.iplt           0x0000d11c        0x0
 .iplt          0x0000d11c        0x0 c:/program files (x86)/atmel/studio/7.0/toolchain/arm/arm-gnu-toolchain/bin/../lib/gcc/arm-none-eabi/6.3.1/thumb/v6-m/crtbegin.o

.ARM.exidx      0x0000d11c        0x8
 *(.ARM.exidx* .gnu.linkonce.armexidx.*)
 .ARM.exidx     0x0000d11c        0x8 c:/program files (x86)/atmel/studio/7.0/toolchain/arm/arm-gnu-toolchain/bin/../lib/gcc/arm-none-eabi/6.3.1/thumb/v6-m\libgcc.a(_udivmoddi4.o)
                [!provide]                PROVIDE (__exidx_end, .)

.eh_frame       0x0000d124        0x0
 .eh_frame      0x0000d124        0x0 c:/program files (x86)/atmel/studio/7.0/toolchain/arm/arm-gnu-toolchain/bin/../lib/gcc/arm-none-eabi/6.3.1/thumb/v6-m/crtbegin.o

.rel.dyn        0x0000d124        0x0
 .rel.iplt      0x0000d124        0x0 c:/program files (x86)/atmel/studio/7.0/toolchain/arm/arm-gnu-toolchain/bin/../lib/gcc/arm-none-eabi/6.3.1/thumb/v6-m/crtbegin.o

.jcr            0x0000d124        0x0
 .jcr           0x0000d124        0x0 c:/program files (x86)/atmel/studio/7.0/toolchain/arm/arm-gnu-toolchain/bin/../lib/gcc/arm-none-eabi/6.3.1/thumb/v6-m/crtbegin.o

.igot.plt       0x0000d124        0x0
 .igot.plt      0x0000d124        0x0 c:/program files (x86)/atmel/studio/7.0/toolchain/arm/arm-gnu-toolchain/bin/../lib/gcc/arm-none-eabi/6.3.1/thumb/v6-m/crtbegin.o
                0x0000d124                . = ALIGN (0x4)
                0x0000d124                _etext = .

.relocate       0x20000000      0xa60 load address 0x0000d124
                0x20000000                . = ALIGN (0x4)
                0x20000000                _srelocate = .
 *(.ramfunc .ramfunc.*)
 *(.data .data.*)
 .data          0x20000000       0x14 gfx_mono/display/framebuffer.o
 .data          0x20000014       0x14 gfx_mono/display/ug2832hsweg04/ug2832hsweg04.o
 .data          0x20000028       0x14 gfx_mono/display_controller/ssd1306/ssd1306.o
 .data          0x2000003c       0x10 gfx_mono/fonts/gfx_mono_font_basic_6x7.o
                0x2000003c                basic_6x7
 .data          0x2000004c        0x8 usb/class/cdc/device/cdcdf_acm.o
 .data          0x20000054       0x5d usb_start.o
 *fill*         0x200000b1        0x3 
 .data._impure_ptr
                0x200000b4        0x4 c:/program files (x86)/atmel/studio/7.0/toolchain/arm/arm-gnu-toolchain/bin/../lib/gcc/arm-none-eabi/6.3.1/../../../../arm-none-eabi/lib/thumb/v6-m\libc.a(lib_a-impure.o)
                0x200000b4                _impure_ptr
 .data.impure_data
                0x200000b8      0x428 c:/program files (x86)/atmel/studio/7.0/toolchain/arm/arm-gnu-toolchain/bin/../lib/gcc/arm-none-eabi/6.3.1/../../../../arm-none-eabi/lib/thumb/v6-m\libc.a(lib_a-impure.o)
 .data.__atexit_recursive_mutex
                0x200004e0        0x4 c:/program files (x86)/atmel/studio/7.0/toolchain/arm/arm-gnu-toolchain/bin/../lib/gcc/arm-none-eabi/6.3.1/../../../../arm-none-eabi/lib/thumb/v6-m\libc.a(lib_a-__call_atexit.o)
                0x200004e0                __atexit_recursive_mutex
 .data.__malloc_av_
                0x200004e4      0x408 c:/program files (x86)/atmel/studio/7.0/toolchain/arm/arm-gnu-toolchain/bin/../lib/gcc/arm-none-eabi/6.3.1/../../../../arm-none-eabi/lib/thumb/v6-m\libc.a(lib_a-mallocr.o)
                0x200004e4                __malloc_av_
 .data.__malloc_sbrk_base
                0x200008ec        0x4 c:/program files (x86)/atmel/studio/7.0/toolchain/arm/arm-gnu-toolchain/bin/../lib/gcc/arm-none-eabi/6.3.1/../../../../arm-none-eabi/lib/thumb/v6-m\libc.a(lib_a-mallocr.o)
                0x200008ec                __malloc_sbrk_base
 .data.__malloc_trim_threshold
                0x200008f0        0x4 c:/program files (x86)/atmel/studio/7.0/toolchain/arm/arm-gnu-toolchain/bin/../lib/gcc/arm-none-eabi/6.3.1/../../../../arm-none-eabi/lib/thumb/v6-m\libc.a(lib_a-mallocr.o)
                0x200008f0                __malloc_trim_threshold
 .data.__global_locale
                0x200008f4      0x16c c:/program files (x86)/atmel/studio/7.0/toolchain/arm/arm-gnu-toolchain/bin/../lib/gcc/arm-none-eabi/6.3.1/../../../../arm-none-eabi/lib/thumb/v6-m\libc.a(lib_a-locale.o)
                0x200008f4                __global_locale
                0x20000a60                . = ALIGN (0x4)
                0x20000a60                _erelocate = .

.bss            0x20000a60      0xcb4 load address 0x0000db84
                0x20000a60                . = ALIGN (0x4)
                0x20000a60                _sbss = .
                0x20000a60                _szero = .
 *(.bss .bss.*)
 .bss           0x20000a60       0x1c c:/program files (x86)/atmel/studio/7.0/toolchain/arm/arm-gnu-toolchain/bin/../lib/gcc/arm-none-eabi/6.3.1/thumb/v6-m/crtbegin.o
 .bss           0x20000a7c       0x10 driver_init.o
 .bss           0x20000a8c      0x428 gfx_mono_main.o
 .bss           0x20000eb4        0x4 hal/src/hal_delay.o
 .bss           0x20000eb8        0x8 hal/src/hal_ext_irq.o
 .bss           0x20000ec0      0x1a0 hal/src/hal_usb_device.o
 .bss           0x20001060        0x4 hal/utils/src/utils_syscalls.o
 .bss           0x20001064        0x4 hpl/eic/hpl_eic.o
 .bss           0x20001068        0x4 hpl/sercom/hpl_sercom.o
 .bss           0x2000106c        0x4 hpl/tc/hpl_tc.o
 .bss           0x20001070      0x350 hpl/usb/hpl_usb.o
 .bss           0x200013c0        0x1 main.o
                0x200013c0                reset_gps_data
 *fill*         0x200013c1        0x3 
 .bss           0x200013c4        0x4 stdio_redirect/stdio_io.o
 .bss           0x200013c8       0x24 usb/class/cdc/device/cdcdf_acm.o
 .bss           0x200013ec       0x20 usb/device/usbdc.o
 .bss           0x2000140c       0x80 usb_start.o
 .bss.__malloc_current_mallinfo
                0x2000148c       0x28 c:/program files (x86)/atmel/studio/7.0/toolchain/arm/arm-gnu-toolchain/bin/../lib/gcc/arm-none-eabi/6.3.1/../../../../arm-none-eabi/lib/thumb/v6-m\libc.a(lib_a-mallocr.o)
                0x2000148c                __malloc_current_mallinfo
 .bss.__malloc_max_sbrked_mem
                0x200014b4        0x4 c:/program files (x86)/atmel/studio/7.0/toolchain/arm/arm-gnu-toolchain/bin/../lib/gcc/arm-none-eabi/6.3.1/../../../../arm-none-eabi/lib/thumb/v6-m\libc.a(lib_a-mallocr.o)
                0x200014b4                __malloc_max_sbrked_mem
 .bss.__malloc_max_total_mem
                0x200014b8        0x4 c:/program files (x86)/atmel/studio/7.0/toolchain/arm/arm-gnu-toolchain/bin/../lib/gcc/arm-none-eabi/6.3.1/../../../../arm-none-eabi/lib/thumb/v6-m\libc.a(lib_a-mallocr.o)
                0x200014b8                __malloc_max_total_mem
 .bss.__malloc_top_pad
                0x200014bc        0x4 c:/program files (x86)/atmel/studio/7.0/toolchain/arm/arm-gnu-toolchain/bin/../lib/gcc/arm-none-eabi/6.3.1/../../../../arm-none-eabi/lib/thumb/v6-m\libc.a(lib_a-mallocr.o)
                0x200014bc                __malloc_top_pad
 *(COMMON)
 COMMON         0x200014c0       0x90 driver_init.o
                0x200014c0                TARGET_IO
                0x200014cc                GPS_UART
                0x2000151c                SPI_OLED
                0x20001534                TIMER_0
 COMMON         0x20001550        0x8 gfx_mono_main.o
                0x20001550                MONOCHROME_TEXT_0_desc
                0x20001554                MONOCHROME_GRAPHICS_0_desc
 COMMON         0x20001558      0x14f gps_uart_async.o
                0x20001558                pstptr
                0x2000155c                GPRMC
                0x200015c0                gps_uart_io
                0x200015c4                pstmode
                0x200015c8                GPGLL
                0x2000160c                rxdata
                0x2000162c                rtn
                0x20001630                rx_buf
                0x20001640                async_uart
                0x20001648                GPGGA
                0x2000169c                message_detected
                0x2000169d                info_msg_ID
                0x2000169e                byte_rx_buf
                0x200016a0                Position_system_type
 *fill*         0x200016a7        0x1 
 COMMON         0x200016a8       0x41 main.o
                0x200016a8                Geo_Location
                0x200016d0                OLED_Data_disp
 *fill*         0x200016e9        0x3 
 COMMON         0x200016ec       0x21 c:/program files (x86)/atmel/studio/7.0/toolchain/arm/arm-gnu-toolchain/bin/../lib/gcc/arm-none-eabi/6.3.1/../../../../arm-none-eabi/lib/thumb/v6-m\libc.a(lib_a-lock.o)
                0x200016ec                __lock___atexit_recursive_mutex
                0x200016f0                __lock___arc4random_mutex
                0x200016f4                __lock___env_recursive_mutex
                0x200016f8                __lock___sinit_recursive_mutex
                0x200016fc                __lock___malloc_recursive_mutex
                0x20001700                __lock___at_quick_exit_mutex
                0x20001704                __lock___dd_hash_mutex
                0x20001708                __lock___tz_mutex
                0x2000170c                __lock___sfp_recursive_mutex
 *fill*         0x2000170d        0x3 
 COMMON         0x20001710        0x4 c:/program files (x86)/atmel/studio/7.0/toolchain/arm/arm-gnu-toolchain/bin/../lib/gcc/arm-none-eabi/6.3.1/../../../../arm-none-eabi/lib/thumb/v6-m\libc.a(lib_a-reent.o)
                0x20001710                errno
                0x20001714                . = ALIGN (0x4)
                0x20001714                _ebss = .
                0x20001714                _ezero = .

.stack          0x20001714     0x2004 load address 0x0000e838
                0x20001718                . = ALIGN (0x8)
 *fill*         0x20001714        0x4 
                0x20001718                _sstack = .
                0x20003718                . = (. + STACK_SIZE)
 *fill*         0x20001718     0x2000 
                0x20003718                . = ALIGN (0x8)
                0x20003718                _estack = .
                0x20003718                . = ALIGN (0x4)
                0x20003718                _end = .
OUTPUT(ATGM332D_GPS_project_13th_March.elf elf32-littlearm)

.ARM.attributes
                0x00000000       0x28
 .ARM.attributes
                0x00000000       0x1e c:/program files (x86)/atmel/studio/7.0/toolchain/arm/arm-gnu-toolchain/bin/../lib/gcc/arm-none-eabi/6.3.1/thumb/v6-m/crti.o
 .ARM.attributes
                0x0000001e       0x2c c:/program files (x86)/atmel/studio/7.0/toolchain/arm/arm-gnu-toolchain/bin/../lib/gcc/arm-none-eabi/6.3.1/thumb/v6-m/crtbegin.o
 .ARM.attributes
                0x0000004a       0x32 atmel_start.o
 .ARM.attributes
                0x0000007c       0x32 Device_Startup/startup_samd21.o
 .ARM.attributes
                0x000000ae       0x32 driver_init.o
 .ARM.attributes
                0x000000e0       0x32 gfx_mono/display/display_mono.o
 .ARM.attributes
                0x00000112       0x32 gfx_mono/display/framebuffer.o
 .ARM.attributes
                0x00000144       0x32 gfx_mono/display/ug2832hsweg04/ug2832hsweg04.o
 .ARM.attributes
                0x00000176       0x32 gfx_mono/display_controller/display_ctrl_mono.o
 .ARM.attributes
                0x000001a8       0x32 gfx_mono/display_controller/ssd1306/ssd1306.o
 .ARM.attributes
                0x000001da       0x32 gfx_mono/fonts/gfx_mono_font_basic_6x7.o
 .ARM.attributes
                0x0000020c       0x32 gfx_mono/gfx_mono.o
 .ARM.attributes
                0x0000023e       0x32 gfx_mono/gfx_mono_text.o
 .ARM.attributes
                0x00000270       0x32 gfx_mono_main.o
 .ARM.attributes
                0x000002a2       0x32 gps_uart_async.o
 .ARM.attributes
                0x000002d4       0x32 hal/src/hal_atomic.o
 .ARM.attributes
                0x00000306       0x32 hal/src/hal_delay.o
 .ARM.attributes
                0x00000338       0x32 hal/src/hal_ext_irq.o
 .ARM.attributes
                0x0000036a       0x32 hal/src/hal_io.o
 .ARM.attributes
                0x0000039c       0x32 hal/src/hal_spi_m_sync.o
 .ARM.attributes
                0x000003ce       0x32 hal/src/hal_timer.o
 .ARM.attributes
                0x00000400       0x32 hal/src/hal_usart_async.o
 .ARM.attributes
                0x00000432       0x32 hal/src/hal_usart_sync.o
 .ARM.attributes
                0x00000464       0x32 hal/src/hal_usb_device.o
 .ARM.attributes
                0x00000496       0x32 hal/utils/src/utils_assert.o
 .ARM.attributes
                0x000004c8       0x32 hal/utils/src/utils_list.o
 .ARM.attributes
                0x000004fa       0x32 hal/utils/src/utils_ringbuffer.o
 .ARM.attributes
                0x0000052c       0x32 hal/utils/src/utils_syscalls.o
 .ARM.attributes
                0x0000055e       0x32 hpl/core/hpl_core_m0plus_base.o
 .ARM.attributes
                0x00000590       0x32 hpl/core/hpl_init.o
 .ARM.attributes
                0x000005c2       0x32 hpl/eic/hpl_eic.o
 .ARM.attributes
                0x000005f4       0x32 hpl/gclk/hpl_gclk.o
 .ARM.attributes
                0x00000626       0x32 hpl/pm/hpl_pm.o
 .ARM.attributes
                0x00000658       0x32 hpl/sercom/hpl_sercom.o
 .ARM.attributes
                0x0000068a       0x32 hpl/sysctrl/hpl_sysctrl.o
 .ARM.attributes
                0x000006bc       0x32 hpl/systick/hpl_systick.o
 .ARM.attributes
                0x000006ee       0x32 hpl/tc/hpl_tc.o
 .ARM.attributes
                0x00000720       0x32 hpl/usb/hpl_usb.o
 .ARM.attributes
                0x00000752       0x32 main.o
 .ARM.attributes
                0x00000784       0x32 stdio_redirect/gcc/read.o
 .ARM.attributes
                0x000007b6       0x32 stdio_redirect/gcc/write.o
 .ARM.attributes
                0x000007e8       0x32 stdio_redirect/stdio_io.o
 .ARM.attributes
                0x0000081a       0x32 stdio_start.o
 .ARM.attributes
                0x0000084c       0x32 usb/class/cdc/device/cdcdf_acm.o
 .ARM.attributes
                0x0000087e       0x32 usb/device/usbdc.o
 .ARM.attributes
                0x000008b0       0x32 usb/usb_protocol.o
 .ARM.attributes
                0x000008e2       0x32 usb_start.o
 .ARM.attributes
                0x00000914       0x1e c:/program files (x86)/atmel/studio/7.0/toolchain/arm/arm-gnu-toolchain/bin/../lib/gcc/arm-none-eabi/6.3.1/thumb/v6-m\libgcc.a(_udivsi3.o)
 .ARM.attributes
                0x00000932       0x1e c:/program files (x86)/atmel/studio/7.0/toolchain/arm/arm-gnu-toolchain/bin/../lib/gcc/arm-none-eabi/6.3.1/thumb/v6-m\libgcc.a(_dvmd_tls.o)
 .ARM.attributes
                0x00000950       0x1e c:/program files (x86)/atmel/studio/7.0/toolchain/arm/arm-gnu-toolchain/bin/../lib/gcc/arm-none-eabi/6.3.1/thumb/v6-m\libgcc.a(_aeabi_uldivmod.o)
 .ARM.attributes
                0x0000096e       0x2c c:/program files (x86)/atmel/studio/7.0/toolchain/arm/arm-gnu-toolchain/bin/../lib/gcc/arm-none-eabi/6.3.1/thumb/v6-m\libgcc.a(_ffssi2.o)
 .ARM.attributes
                0x0000099a       0x2c c:/program files (x86)/atmel/studio/7.0/toolchain/arm/arm-gnu-toolchain/bin/../lib/gcc/arm-none-eabi/6.3.1/thumb/v6-m\libgcc.a(_udivmoddi4.o)
 .ARM.attributes
                0x000009c6       0x2c c:/program files (x86)/atmel/studio/7.0/toolchain/arm/arm-gnu-toolchain/bin/../lib/gcc/arm-none-eabi/6.3.1/thumb/v6-m\libgcc.a(addsf3.o)
 .ARM.attributes
                0x000009f2       0x2c c:/program files (x86)/atmel/studio/7.0/toolchain/arm/arm-gnu-toolchain/bin/../lib/gcc/arm-none-eabi/6.3.1/thumb/v6-m\libgcc.a(divsf3.o)
 .ARM.attributes
                0x00000a1e       0x2c c:/program files (x86)/atmel/studio/7.0/toolchain/arm/arm-gnu-toolchain/bin/../lib/gcc/arm-none-eabi/6.3.1/thumb/v6-m\libgcc.a(floatsisf.o)
 .ARM.attributes
                0x00000a4a       0x2c c:/program files (x86)/atmel/studio/7.0/toolchain/arm/arm-gnu-toolchain/bin/../lib/gcc/arm-none-eabi/6.3.1/thumb/v6-m\libgcc.a(divdf3.o)
 .ARM.attributes
                0x00000a76       0x2c c:/program files (x86)/atmel/studio/7.0/toolchain/arm/arm-gnu-toolchain/bin/../lib/gcc/arm-none-eabi/6.3.1/thumb/v6-m\libgcc.a(muldf3.o)
 .ARM.attributes
                0x00000aa2       0x2c c:/program files (x86)/atmel/studio/7.0/toolchain/arm/arm-gnu-toolchain/bin/../lib/gcc/arm-none-eabi/6.3.1/thumb/v6-m\libgcc.a(subdf3.o)
 .ARM.attributes
                0x00000ace       0x2c c:/program files (x86)/atmel/studio/7.0/toolchain/arm/arm-gnu-toolchain/bin/../lib/gcc/arm-none-eabi/6.3.1/thumb/v6-m\libgcc.a(fixdfsi.o)
 .ARM.attributes
                0x00000afa       0x2c c:/program files (x86)/atmel/studio/7.0/toolchain/arm/arm-gnu-toolchain/bin/../lib/gcc/arm-none-eabi/6.3.1/thumb/v6-m\libgcc.a(floatsidf.o)
 .ARM.attributes
                0x00000b26       0x2c c:/program files (x86)/atmel/studio/7.0/toolchain/arm/arm-gnu-toolchain/bin/../lib/gcc/arm-none-eabi/6.3.1/thumb/v6-m\libgcc.a(floatunsidf.o)
 .ARM.attributes
                0x00000b52       0x2c c:/program files (x86)/atmel/studio/7.0/toolchain/arm/arm-gnu-toolchain/bin/../lib/gcc/arm-none-eabi/6.3.1/thumb/v6-m\libgcc.a(extendsfdf2.o)
 .ARM.attributes
                0x00000b7e       0x1e c:/program files (x86)/atmel/studio/7.0/toolchain/arm/arm-gnu-toolchain/bin/../lib/gcc/arm-none-eabi/6.3.1/thumb/v6-m\libgcc.a(_arm_cmpdf2.o)
 .ARM.attributes
                0x00000b9c       0x1e c:/program files (x86)/atmel/studio/7.0/toolchain/arm/arm-gnu-toolchain/bin/../lib/gcc/arm-none-eabi/6.3.1/thumb/v6-m\libgcc.a(_clzsi2.o)
 .ARM.attributes
                0x00000bba       0x1e c:/program files (x86)/atmel/studio/7.0/toolchain/arm/arm-gnu-toolchain/bin/../lib/gcc/arm-none-eabi/6.3.1/thumb/v6-m\libgcc.a(_clzdi2.o)
 .ARM.attributes
                0x00000bd8       0x1e c:/program files (x86)/atmel/studio/7.0/toolchain/arm/arm-gnu-toolchain/bin/../lib/gcc/arm-none-eabi/6.3.1/thumb/v6-m\libgcc.a(_ctzsi2.o)
 .ARM.attributes
                0x00000bf6       0x2c c:/program files (x86)/atmel/studio/7.0/toolchain/arm/arm-gnu-toolchain/bin/../lib/gcc/arm-none-eabi/6.3.1/thumb/v6-m\libgcc.a(eqdf2.o)
 .ARM.attributes
                0x00000c22       0x2c c:/program files (x86)/atmel/studio/7.0/toolchain/arm/arm-gnu-toolchain/bin/../lib/gcc/arm-none-eabi/6.3.1/thumb/v6-m\libgcc.a(gedf2.o)
 .ARM.attributes
                0x00000c4e       0x2c c:/program files (x86)/atmel/studio/7.0/toolchain/arm/arm-gnu-toolchain/bin/../lib/gcc/arm-none-eabi/6.3.1/thumb/v6-m\libgcc.a(ledf2.o)
 .ARM.attributes
                0x00000c7a       0x2c c:/program files (x86)/atmel/studio/7.0/toolchain/arm/arm-gnu-toolchain/bin/../lib/gcc/arm-none-eabi/6.3.1/../../../../arm-none-eabi/lib/thumb/v6-m\libc.a(lib_a-impure.o)
 .ARM.attributes
                0x00000ca6       0x2c c:/program files (x86)/atmel/studio/7.0/toolchain/arm/arm-gnu-toolchain/bin/../lib/gcc/arm-none-eabi/6.3.1/../../../../arm-none-eabi/lib/thumb/v6-m\libc.a(lib_a-init.o)
 .ARM.attributes
                0x00000cd2       0x2c c:/program files (x86)/atmel/studio/7.0/toolchain/arm/arm-gnu-toolchain/bin/../lib/gcc/arm-none-eabi/6.3.1/../../../../arm-none-eabi/lib/thumb/v6-m\libc.a(lib_a-memcpy-stub.o)
 .ARM.attributes
                0x00000cfe       0x2c c:/program files (x86)/atmel/studio/7.0/toolchain/arm/arm-gnu-toolchain/bin/../lib/gcc/arm-none-eabi/6.3.1/../../../../arm-none-eabi/lib/thumb/v6-m\libc.a(lib_a-memset.o)
 .ARM.attributes
                0x00000d2a       0x2c c:/program files (x86)/atmel/studio/7.0/toolchain/arm/arm-gnu-toolchain/bin/../lib/gcc/arm-none-eabi/6.3.1/../../../../arm-none-eabi/lib/thumb/v6-m\libc.a(lib_a-setbuf.o)
 .ARM.attributes
                0x00000d56       0x2c c:/program files (x86)/atmel/studio/7.0/toolchain/arm/arm-gnu-toolchain/bin/../lib/gcc/arm-none-eabi/6.3.1/../../../../arm-none-eabi/lib/thumb/v6-m\libc.a(lib_a-setvbuf.o)
 .ARM.attributes
                0x00000d82       0x2c c:/program files (x86)/atmel/studio/7.0/toolchain/arm/arm-gnu-toolchain/bin/../lib/gcc/arm-none-eabi/6.3.1/../../../../arm-none-eabi/lib/thumb/v6-m\libc.a(lib_a-sprintf.o)
 .ARM.attributes
                0x00000dae       0x2c c:/program files (x86)/atmel/studio/7.0/toolchain/arm/arm-gnu-toolchain/bin/../lib/gcc/arm-none-eabi/6.3.1/../../../../arm-none-eabi/lib/thumb/v6-m\libc.a(lib_a-strlen-stub.o)
 .ARM.attributes
                0x00000dda       0x2c c:/program files (x86)/atmel/studio/7.0/toolchain/arm/arm-gnu-toolchain/bin/../lib/gcc/arm-none-eabi/6.3.1/../../../../arm-none-eabi/lib/thumb/v6-m\libc.a(lib_a-svfprintf.o)
 .ARM.attributes
                0x00000e06       0x2c c:/program files (x86)/atmel/studio/7.0/toolchain/arm/arm-gnu-toolchain/bin/../lib/gcc/arm-none-eabi/6.3.1/../../../../arm-none-eabi/lib/thumb/v6-m\libc.a(lib_a-__call_atexit.o)
 .ARM.attributes
                0x00000e32       0x2c c:/program files (x86)/atmel/studio/7.0/toolchain/arm/arm-gnu-toolchain/bin/../lib/gcc/arm-none-eabi/6.3.1/../../../../arm-none-eabi/lib/thumb/v6-m\libc.a(lib_a-atexit.o)
 .ARM.attributes
                0x00000e5e       0x2c c:/program files (x86)/atmel/studio/7.0/toolchain/arm/arm-gnu-toolchain/bin/../lib/gcc/arm-none-eabi/6.3.1/../../../../arm-none-eabi/lib/thumb/v6-m\libc.a(lib_a-dtoa.o)
 .ARM.attributes
                0x00000e8a       0x2c c:/program files (x86)/atmel/studio/7.0/toolchain/arm/arm-gnu-toolchain/bin/../lib/gcc/arm-none-eabi/6.3.1/../../../../arm-none-eabi/lib/thumb/v6-m\libc.a(lib_a-fflush.o)
 .ARM.attributes
                0x00000eb6       0x2c c:/program files (x86)/atmel/studio/7.0/toolchain/arm/arm-gnu-toolchain/bin/../lib/gcc/arm-none-eabi/6.3.1/../../../../arm-none-eabi/lib/thumb/v6-m\libc.a(lib_a-findfp.o)
 .ARM.attributes
                0x00000ee2       0x2c c:/program files (x86)/atmel/studio/7.0/toolchain/arm/arm-gnu-toolchain/bin/../lib/gcc/arm-none-eabi/6.3.1/../../../../arm-none-eabi/lib/thumb/v6-m\libc.a(lib_a-fini.o)
 .ARM.attributes
                0x00000f0e       0x2c c:/program files (x86)/atmel/studio/7.0/toolchain/arm/arm-gnu-toolchain/bin/../lib/gcc/arm-none-eabi/6.3.1/../../../../arm-none-eabi/lib/thumb/v6-m\libc.a(lib_a-freer.o)
 .ARM.attributes
                0x00000f3a       0x2c c:/program files (x86)/atmel/studio/7.0/toolchain/arm/arm-gnu-toolchain/bin/../lib/gcc/arm-none-eabi/6.3.1/../../../../arm-none-eabi/lib/thumb/v6-m\libc.a(lib_a-fwalk.o)
 .ARM.attributes
                0x00000f66       0x2c c:/program files (x86)/atmel/studio/7.0/toolchain/arm/arm-gnu-toolchain/bin/../lib/gcc/arm-none-eabi/6.3.1/../../../../arm-none-eabi/lib/thumb/v6-m\libc.a(lib_a-localeconv.o)
 .ARM.attributes
                0x00000f92       0x2c c:/program files (x86)/atmel/studio/7.0/toolchain/arm/arm-gnu-toolchain/bin/../lib/gcc/arm-none-eabi/6.3.1/../../../../arm-none-eabi/lib/thumb/v6-m\libc.a(lib_a-lock.o)
 .ARM.attributes
                0x00000fbe       0x2c c:/program files (x86)/atmel/studio/7.0/toolchain/arm/arm-gnu-toolchain/bin/../lib/gcc/arm-none-eabi/6.3.1/../../../../arm-none-eabi/lib/thumb/v6-m\libc.a(lib_a-makebuf.o)
 .ARM.attributes
                0x00000fea       0x2c c:/program files (x86)/atmel/studio/7.0/toolchain/arm/arm-gnu-toolchain/bin/../lib/gcc/arm-none-eabi/6.3.1/../../../../arm-none-eabi/lib/thumb/v6-m\libc.a(lib_a-malloc.o)
 .ARM.attributes
                0x00001016       0x2c c:/program files (x86)/atmel/studio/7.0/toolchain/arm/arm-gnu-toolchain/bin/../lib/gcc/arm-none-eabi/6.3.1/../../../../arm-none-eabi/lib/thumb/v6-m\libc.a(lib_a-mallocr.o)
 .ARM.attributes
                0x00001042       0x2c c:/program files (x86)/atmel/studio/7.0/toolchain/arm/arm-gnu-toolchain/bin/../lib/gcc/arm-none-eabi/6.3.1/../../../../arm-none-eabi/lib/thumb/v6-m\libc.a(lib_a-memchr-stub.o)
 .ARM.attributes
                0x0000106e       0x2c c:/program files (x86)/atmel/studio/7.0/toolchain/arm/arm-gnu-toolchain/bin/../lib/gcc/arm-none-eabi/6.3.1/../../../../arm-none-eabi/lib/thumb/v6-m\libc.a(lib_a-memmove.o)
 .ARM.attributes
                0x0000109a       0x2c c:/program files (x86)/atmel/studio/7.0/toolchain/arm/arm-gnu-toolchain/bin/../lib/gcc/arm-none-eabi/6.3.1/../../../../arm-none-eabi/lib/thumb/v6-m\libc.a(lib_a-mlock.o)
 .ARM.attributes
                0x000010c6       0x2c c:/program files (x86)/atmel/studio/7.0/toolchain/arm/arm-gnu-toolchain/bin/../lib/gcc/arm-none-eabi/6.3.1/../../../../arm-none-eabi/lib/thumb/v6-m\libc.a(lib_a-mprec.o)
 .ARM.attributes
                0x000010f2       0x2c c:/program files (x86)/atmel/studio/7.0/toolchain/arm/arm-gnu-toolchain/bin/../lib/gcc/arm-none-eabi/6.3.1/../../../../arm-none-eabi/lib/thumb/v6-m\libc.a(lib_a-reallocr.o)
 .ARM.attributes
                0x0000111e       0x2c c:/program files (x86)/atmel/studio/7.0/toolchain/arm/arm-gnu-toolchain/bin/../lib/gcc/arm-none-eabi/6.3.1/../../../../arm-none-eabi/lib/thumb/v6-m\libc.a(lib_a-sbrkr.o)
 .ARM.attributes
                0x0000114a       0x2c c:/program files (x86)/atmel/studio/7.0/toolchain/arm/arm-gnu-toolchain/bin/../lib/gcc/arm-none-eabi/6.3.1/../../../../arm-none-eabi/lib/thumb/v6-m\libc.a(lib_a-stdio.o)
 .ARM.attributes
                0x00001176       0x2c c:/program files (x86)/atmel/studio/7.0/toolchain/arm/arm-gnu-toolchain/bin/../lib/gcc/arm-none-eabi/6.3.1/../../../../arm-none-eabi/lib/thumb/v6-m\libc.a(lib_a-svfiprintf.o)
 .ARM.attributes
                0x000011a2       0x2c c:/program files (x86)/atmel/studio/7.0/toolchain/arm/arm-gnu-toolchain/bin/../lib/gcc/arm-none-eabi/6.3.1/../../../../arm-none-eabi/lib/thumb/v6-m\libc.a(lib_a-writer.o)
 .ARM.attributes
                0x000011ce       0x2c c:/program files (x86)/atmel/studio/7.0/toolchain/arm/arm-gnu-toolchain/bin/../lib/gcc/arm-none-eabi/6.3.1/../../../../arm-none-eabi/lib/thumb/v6-m\libc.a(lib_a-__atexit.o)
 .ARM.attributes
                0x000011fa       0x2c c:/program files (x86)/atmel/studio/7.0/toolchain/arm/arm-gnu-toolchain/bin/../lib/gcc/arm-none-eabi/6.3.1/../../../../arm-none-eabi/lib/thumb/v6-m\libc.a(lib_a-callocr.o)
 .ARM.attributes
                0x00001226       0x2c c:/program files (x86)/atmel/studio/7.0/toolchain/arm/arm-gnu-toolchain/bin/../lib/gcc/arm-none-eabi/6.3.1/../../../../arm-none-eabi/lib/thumb/v6-m\libc.a(lib_a-closer.o)
 .ARM.attributes